16:19:22 **** Build of project GPIO_Interrupt_bsp ****
make -k all 
"Running Make include in ps7_cortexa9_0/libsrc/coresightps_dcc_v1_4/src"
make -C ps7_cortexa9_0/libsrc/coresightps_dcc_v1_4/src -s include  "SHELL=CMD" "COMPILER=arm-none-eabi-gcc" "ARCHIVER=arm-none-eabi-ar" "COMPILER_FLAGS=  -O2 -c" "EXTRA_COMPILER_FLAGS=-mcpu=cortex-a9 -mfpu=vfpv3 -mfloat-abi=hard -nostartfiles -g -Wall -Wextra"
"Running Make include in ps7_cortexa9_0/libsrc/cpu_cortexa9_v2_6/src"
make -C ps7_cortexa9_0/libsrc/cpu_cortexa9_v2_6/src -s include  "SHELL=CMD" "COMPILER=arm-none-eabi-gcc" "ARCHIVER=arm-none-eabi-ar" "COMPILER_FLAGS=  -O2 -c" "EXTRA_COMPILER_FLAGS=-mcpu=cortex-a9 -mfpu=vfpv3 -mfloat-abi=hard -nostartfiles -g -Wall -Wextra"
"Running Make include in ps7_cortexa9_0/libsrc/ddrps_v1_0/src"
make -C ps7_cortexa9_0/libsrc/ddrps_v1_0/src -s include  "SHELL=CMD" "COMPILER=arm-none-eabi-gcc" "ARCHIVER=arm-none-eabi-ar" "COMPILER_FLAGS=  -O2 -c" "EXTRA_COMPILER_FLAGS=-mcpu=cortex-a9 -mfpu=vfpv3 -mfloat-abi=hard -nostartfiles -g -Wall -Wextra"
"Running Make include in ps7_cortexa9_0/libsrc/devcfg_v3_5/src"
make -C ps7_cortexa9_0/libsrc/devcfg_v3_5/src -s include  "SHELL=CMD" "COMPILER=arm-none-eabi-gcc" "ARCHIVER=arm-none-eabi-ar" "COMPILER_FLAGS=  -O2 -c" "EXTRA_COMPILER_FLAGS=-mcpu=cortex-a9 -mfpu=vfpv3 -mfloat-abi=hard -nostartfiles -g -Wall -Wextra"
"Running Make include in ps7_cortexa9_0/libsrc/dmaps_v2_3/src"
make -C ps7_cortexa9_0/libsrc/dmaps_v2_3/src -s include  "SHELL=CMD" "COMPILER=arm-none-eabi-gcc" "ARCHIVER=arm-none-eabi-ar" "COMPILER_FLAGS=  -O2 -c" "EXTRA_COMPILER_FLAGS=-mcpu=cortex-a9 -mfpu=vfpv3 -mfloat-abi=hard -nostartfiles -g -Wall -Wextra"
"Running Make include in ps7_cortexa9_0/libsrc/emacps_v3_7/src"
make -C ps7_cortexa9_0/libsrc/emacps_v3_7/src -s include  "SHELL=CMD" "COMPILER=arm-none-eabi-gcc" "ARCHIVER=arm-none-eabi-ar" "COMPILER_FLAGS=  -O2 -c" "EXTRA_COMPILER_FLAGS=-mcpu=cortex-a9 -mfpu=vfpv3 -mfloat-abi=hard -nostartfiles -g -Wall -Wextra"
"Running Make include in ps7_cortexa9_0/libsrc/gpio_v4_3/src"
make -C ps7_cortexa9_0/libsrc/gpio_v4_3/src -s include  "SHELL=CMD" "COMPILER=arm-none-eabi-gcc" "ARCHIVER=arm-none-eabi-ar" "COMPILER_FLAGS=  -O2 -c" "EXTRA_COMPILER_FLAGS=-mcpu=cortex-a9 -mfpu=vfpv3 -mfloat-abi=hard -nostartfiles -g -Wall -Wextra"
"Running Make include in ps7_cortexa9_0/libsrc/qspips_v3_4/src"
make -C ps7_cortexa9_0/libsrc/qspips_v3_4/src -s include  "SHELL=CMD" "COMPILER=arm-none-eabi-gcc" "ARCHIVER=arm-none-eabi-ar" "COMPILER_FLAGS=  -O2 -c" "EXTRA_COMPILER_FLAGS=-mcpu=cortex-a9 -mfpu=vfpv3 -mfloat-abi=hard -nostartfiles -g -Wall -Wextra"
"Running Make include in ps7_cortexa9_0/libsrc/scugic_v3_9/src"
make -C ps7_cortexa9_0/libsrc/scugic_v3_9/src -s include  "SHELL=CMD" "COMPILER=arm-none-eabi-gcc" "ARCHIVER=arm-none-eabi-ar" "COMPILER_FLAGS=  -O2 -c" "EXTRA_COMPILER_FLAGS=-mcpu=cortex-a9 -mfpu=vfpv3 -mfloat-abi=hard -nostartfiles -g -Wall -Wextra"
"Running Make include in ps7_cortexa9_0/libsrc/scutimer_v2_1/src"
make -C ps7_cortexa9_0/libsrc/scutimer_v2_1/src -s include  "SHELL=CMD" "COMPILER=arm-none-eabi-gcc" "ARCHIVER=arm-none-eabi-ar" "COMPILER_FLAGS=  -O2 -c" "EXTRA_COMPILER_FLAGS=-mcpu=cortex-a9 -mfpu=vfpv3 -mfloat-abi=hard -nostartfiles -g -Wall -Wextra"
"Running Make include in ps7_cortexa9_0/libsrc/scuwdt_v2_1/src"
make -C ps7_cortexa9_0/libsrc/scuwdt_v2_1/src -s include  "SHELL=CMD" "COMPILER=arm-none-eabi-gcc" "ARCHIVER=arm-none-eabi-ar" "COMPILER_FLAGS=  -O2 -c" "EXTRA_COMPILER_FLAGS=-mcpu=cortex-a9 -mfpu=vfpv3 -mfloat-abi=hard -nostartfiles -g -Wall -Wextra"
"Running Make include in ps7_cortexa9_0/libsrc/sdps_v3_5/src"
make -C ps7_cortexa9_0/libsrc/sdps_v3_5/src -s include  "SHELL=CMD" "COMPILER=arm-none-eabi-gcc" "ARCHIVER=arm-none-eabi-ar" "COMPILER_FLAGS=  -O2 -c" "EXTRA_COMPILER_FLAGS=-mcpu=cortex-a9 -mfpu=vfpv3 -mfloat-abi=hard -nostartfiles -g -Wall -Wextra"
"Running Make include in ps7_cortexa9_0/libsrc/standalone_v6_7/src"
make -C ps7_cortexa9_0/libsrc/standalone_v6_7/src -s include  "SHELL=CMD" "COMPILER=arm-none-eabi-gcc" "ARCHIVER=arm-none-eabi-ar" "COMPILER_FLAGS=  -O2 -c" "EXTRA_COMPILER_FLAGS=-mcpu=cortex-a9 -mfpu=vfpv3 -mfloat-abi=hard -nostartfiles -g -Wall -Wextra"
"Running Make include in ps7_cortexa9_0/libsrc/uartps_v3_6/src"
make -C ps7_cortexa9_0/libsrc/uartps_v3_6/src -s include  "SHELL=CMD" "COMPILER=arm-none-eabi-gcc" "ARCHIVER=arm-none-eabi-ar" "COMPILER_FLAGS=  -O2 -c" "EXTRA_COMPILER_FLAGS=-mcpu=cortex-a9 -mfpu=vfpv3 -mfloat-abi=hard -nostartfiles -g -Wall -Wextra"
"Running Make include in ps7_cortexa9_0/libsrc/usbps_v2_4/src"
make -C ps7_cortexa9_0/libsrc/usbps_v2_4/src -s include  "SHELL=CMD" "COMPILER=arm-none-eabi-gcc" "ARCHIVER=arm-none-eabi-ar" "COMPILER_FLAGS=  -O2 -c" "EXTRA_COMPILER_FLAGS=-mcpu=cortex-a9 -mfpu=vfpv3 -mfloat-abi=hard -nostartfiles -g -Wall -Wextra"
"Running Make include in ps7_cortexa9_0/libsrc/wdtps_v3_0/src"
make -C ps7_cortexa9_0/libsrc/wdtps_v3_0/src -s include  "SHELL=CMD" "COMPILER=arm-none-eabi-gcc" "ARCHIVER=arm-none-eabi-ar" "COMPILER_FLAGS=  -O2 -c" "EXTRA_COMPILER_FLAGS=-mcpu=cortex-a9 -mfpu=vfpv3 -mfloat-abi=hard -nostartfiles -g -Wall -Wextra"
"Running Make include in ps7_cortexa9_0/libsrc/xadcps_v2_2/src"
make -C ps7_cortexa9_0/libsrc/xadcps_v2_2/src -s include  "SHELL=CMD" "COMPILER=arm-none-eabi-gcc" "ARCHIVER=arm-none-eabi-ar" "COMPILER_FLAGS=  -O2 -c" "EXTRA_COMPILER_FLAGS=-mcpu=cortex-a9 -mfpu=vfpv3 -mfloat-abi=hard -nostartfiles -g -Wall -Wextra"
"Running Make libs in ps7_cortexa9_0/libsrc/coresightps_dcc_v1_4/src"
make -C ps7_cortexa9_0/libsrc/coresightps_dcc_v1_4/src -s libs  "SHELL=CMD" "COMPILER=arm-none-eabi-gcc" "ARCHIVER=arm-none-eabi-ar" "COMPILER_FLAGS=  -O2 -c" "EXTRA_COMPILER_FLAGS=-mcpu=cortex-a9 -mfpu=vfpv3 -mfloat-abi=hard -nostartfiles -g -Wall -Wextra"
"Compiling coresightps_dcc"
arm-none-eabi-ar: creating ../../../lib/libxil.a
"Running Make libs in ps7_cortexa9_0/libsrc/cpu_cortexa9_v2_6/src"
make -C ps7_cortexa9_0/libsrc/cpu_cortexa9_v2_6/src -s libs  "SHELL=CMD" "COMPILER=arm-none-eabi-gcc" "ARCHIVER=arm-none-eabi-ar" "COMPILER_FLAGS=  -O2 -c" "EXTRA_COMPILER_FLAGS=-mcpu=cortex-a9 -mfpu=vfpv3 -mfloat-abi=hard -nostartfiles -g -Wall -Wextra"
"Compiling cpu_cortexa9"
"Running Make libs in ps7_cortexa9_0/libsrc/ddrps_v1_0/src"
make -C ps7_cortexa9_0/libsrc/ddrps_v1_0/src -s libs  "SHELL=CMD" "COMPILER=arm-none-eabi-gcc" "ARCHIVER=arm-none-eabi-ar" "COMPILER_FLAGS=  -O2 -c" "EXTRA_COMPILER_FLAGS=-mcpu=cortex-a9 -mfpu=vfpv3 -mfloat-abi=hard -nostartfiles -g -Wall -Wextra"
"Compiling ddrps"
"Running Make libs in ps7_cortexa9_0/libsrc/devcfg_v3_5/src"
make -C ps7_cortexa9_0/libsrc/devcfg_v3_5/src -s libs  "SHELL=CMD" "COMPILER=arm-none-eabi-gcc" "ARCHIVER=arm-none-eabi-ar" "COMPILER_FLAGS=  -O2 -c" "EXTRA_COMPILER_FLAGS=-mcpu=cortex-a9 -mfpu=vfpv3 -mfloat-abi=hard -nostartfiles -g -Wall -Wextra"
"Compiling devcfg"
"Running Make libs in ps7_cortexa9_0/libsrc/dmaps_v2_3/src"
make -C ps7_cortexa9_0/libsrc/dmaps_v2_3/src -s libs  "SHELL=CMD" "COMPILER=arm-none-eabi-gcc" "ARCHIVER=arm-none-eabi-ar" "COMPILER_FLAGS=  -O2 -c" "EXTRA_COMPILER_FLAGS=-mcpu=cortex-a9 -mfpu=vfpv3 -mfloat-abi=hard -nostartfiles -g -Wall -Wextra"
"Compiling dmaps"
"Running Make libs in ps7_cortexa9_0/libsrc/emacps_v3_7/src"
make -C ps7_cortexa9_0/libsrc/emacps_v3_7/src -s libs  "SHELL=CMD" "COMPILER=arm-none-eabi-gcc" "ARCHIVER=arm-none-eabi-ar" "COMPILER_FLAGS=  -O2 -c" "EXTRA_COMPILER_FLAGS=-mcpu=cortex-a9 -mfpu=vfpv3 -mfloat-abi=hard -nostartfiles -g -Wall -Wextra"
"Compiling emacps"
"Running Make libs in ps7_cortexa9_0/libsrc/gpio_v4_3/src"
make -C ps7_cortexa9_0/libsrc/gpio_v4_3/src -s libs  "SHELL=CMD" "COMPILER=arm-none-eabi-gcc" "ARCHIVER=arm-none-eabi-ar" "COMPILER_FLAGS=  -O2 -c" "EXTRA_COMPILER_FLAGS=-mcpu=cortex-a9 -mfpu=vfpv3 -mfloat-abi=hard -nostartfiles -g -Wall -Wextra"
"Compiling gpio"
"Running Make libs in ps7_cortexa9_0/libsrc/qspips_v3_4/src"
make -C ps7_cortexa9_0/libsrc/qspips_v3_4/src -s libs  "SHELL=CMD" "COMPILER=arm-none-eabi-gcc" "ARCHIVER=arm-none-eabi-ar" "COMPILER_FLAGS=  -O2 -c" "EXTRA_COMPILER_FLAGS=-mcpu=cortex-a9 -mfpu=vfpv3 -mfloat-abi=hard -nostartfiles -g -Wall -Wextra"
"Compiling qspips"
"Running Make libs in ps7_cortexa9_0/libsrc/scugic_v3_9/src"
make -C ps7_cortexa9_0/libsrc/scugic_v3_9/src -s libs  "SHELL=CMD" "COMPILER=arm-none-eabi-gcc" "ARCHIVER=arm-none-eabi-ar" "COMPILER_FLAGS=  -O2 -c" "EXTRA_COMPILER_FLAGS=-mcpu=cortex-a9 -mfpu=vfpv3 -mfloat-abi=hard -nostartfiles -g -Wall -Wextra"
"Compiling scugic"
"Running Make libs in ps7_cortexa9_0/libsrc/scutimer_v2_1/src"
make -C ps7_cortexa9_0/libsrc/scutimer_v2_1/src -s libs  "SHELL=CMD" "COMPILER=arm-none-eabi-gcc" "ARCHIVER=arm-none-eabi-ar" "COMPILER_FLAGS=  -O2 -c" "EXTRA_COMPILER_FLAGS=-mcpu=cortex-a9 -mfpu=vfpv3 -mfloat-abi=hard -nostartfiles -g -Wall -Wextra"
"Compiling scutimer"
"Running Make libs in ps7_cortexa9_0/libsrc/scuwdt_v2_1/src"
make -C ps7_cortexa9_0/libsrc/scuwdt_v2_1/src -s libs  "SHELL=CMD" "COMPILER=arm-none-eabi-gcc" "ARCHIVER=arm-none-eabi-ar" "COMPILER_FLAGS=  -O2 -c" "EXTRA_COMPILER_FLAGS=-mcpu=cortex-a9 -mfpu=vfpv3 -mfloat-abi=hard -nostartfiles -g -Wall -Wextra"
"Compiling scuwdt"
"Running Make libs in ps7_cortexa9_0/libsrc/sdps_v3_5/src"
make -C ps7_cortexa9_0/libsrc/sdps_v3_5/src -s libs  "SHELL=CMD" "COMPILER=arm-none-eabi-gcc" "ARCHIVER=arm-none-eabi-ar" "COMPILER_FLAGS=  -O2 -c" "EXTRA_COMPILER_FLAGS=-mcpu=cortex-a9 -mfpu=vfpv3 -mfloat-abi=hard -nostartfiles -g -Wall -Wextra"
"Compiling sdps"
"Running Make libs in ps7_cortexa9_0/libsrc/standalone_v6_7/src"
make -C ps7_cortexa9_0/libsrc/standalone_v6_7/src -s libs  "SHELL=CMD" "COMPILER=arm-none-eabi-gcc" "ARCHIVER=arm-none-eabi-ar" "COMPILER_FLAGS=  -O2 -c" "EXTRA_COMPILER_FLAGS=-mcpu=cortex-a9 -mfpu=vfpv3 -mfloat-abi=hard -nostartfiles -g -Wall -Wextra"
"Compiling standalone"
In file included from sleep.c:57:0:
xtime_l.h:89:9: note: #pragma message: For the sleep routines, Global timer is being used
 #pragma message ("For the sleep routines, Global timer is being used")
         ^~~~~~~
In file included from usleep.c:60:0:
xtime_l.h:89:9: note: #pragma message: For the sleep routines, Global timer is being used
 #pragma message ("For the sleep routines, Global timer is being used")
         ^~~~~~~
In file included from xil_sleeptimer.c:55:0:
xtime_l.h:89:9: note: #pragma message: For the sleep routines, Global timer is being used
 #pragma message ("For the sleep routines, Global timer is being used")
         ^~~~~~~
In file included from xtime_l.c:53:0:
xtime_l.h:89:9: note: #pragma message: For the sleep routines, Global timer is being used
 #pragma message ("For the sleep routines, Global timer is being used")
         ^~~~~~~
"Running Make libs in ps7_cortexa9_0/libsrc/uartps_v3_6/src"
make -C ps7_cortexa9_0/libsrc/uartps_v3_6/src -s libs  "SHELL=CMD" "COMPILER=arm-none-eabi-gcc" "ARCHIVER=arm-none-eabi-ar" "COMPILER_FLAGS=  -O2 -c" "EXTRA_COMPILER_FLAGS=-mcpu=cortex-a9 -mfpu=vfpv3 -mfloat-abi=hard -nostartfiles -g -Wall -Wextra"
"Compiling uartps"
"Running Make libs in ps7_cortexa9_0/libsrc/usbps_v2_4/src"
make -C ps7_cortexa9_0/libsrc/usbps_v2_4/src -s libs  "SHELL=CMD" "COMPILER=arm-none-eabi-gcc" "ARCHIVER=arm-none-eabi-ar" "COMPILER_FLAGS=  -O2 -c" "EXTRA_COMPILER_FLAGS=-mcpu=cortex-a9 -mfpu=vfpv3 -mfloat-abi=hard -nostartfiles -g -Wall -Wextra"
"Compiling usbps"
"Running Make libs in ps7_cortexa9_0/libsrc/wdtps_v3_0/src"
make -C ps7_cortexa9_0/libsrc/wdtps_v3_0/src -s libs  "SHELL=CMD" "COMPILER=arm-none-eabi-gcc" "ARCHIVER=arm-none-eabi-ar" "COMPILER_FLAGS=  -O2 -c" "EXTRA_COMPILER_FLAGS=-mcpu=cortex-a9 -mfpu=vfpv3 -mfloat-abi=hard -nostartfiles -g -Wall -Wextra"
"Compiling wdtps"
"Running Make libs in ps7_cortexa9_0/libsrc/xadcps_v2_2/src"
make -C ps7_cortexa9_0/libsrc/xadcps_v2_2/src -s libs  "SHELL=CMD" "COMPILER=arm-none-eabi-gcc" "ARCHIVER=arm-none-eabi-ar" "COMPILER_FLAGS=  -O2 -c" "EXTRA_COMPILER_FLAGS=-mcpu=cortex-a9 -mfpu=vfpv3 -mfloat-abi=hard -nostartfiles -g -Wall -Wextra"
"Compiling xadcps"
'Finished building libraries'
16:19:43 **** Build of configuration Debug for project GPIO_Interrupt ****
make pre-build main-build 
a9-linaro-pre-build-step
' '
'Building file: ../src/helloworld.c'
'Invoking: ARM v7 gcc compiler'
arm-none-eabi-gcc -Wall -O0 -g3 -c -fmessage-length=0 -MT"src/helloworld.o" -mcpu=cortex-a9 -mfpu=vfpv3 -mfloat-abi=hard -I../../GPIO_Interrupt_bsp/ps7_cortexa9_0/include -MMD -MP -MF"src/helloworld.d" -MT"src/helloworld.o" -o "src/helloworld.o" "../src/helloworld.c"
'Finished building: ../src/helloworld.c'
' '
'Building file: ../src/platform.c'
'Invoking: ARM v7 gcc compiler'
arm-none-eabi-gcc -Wall -O0 -g3 -c -fmessage-length=0 -MT"src/platform.o" -mcpu=cortex-a9 -mfpu=vfpv3 -mfloat-abi=hard -I../../GPIO_Interrupt_bsp/ps7_cortexa9_0/include -MMD -MP -MF"src/platform.d" -MT"src/platform.o" -o "src/platform.o" "../src/platform.c"
'Finished building: ../src/platform.c'
' '
'Building target: GPIO_Interrupt.elf'
'Invoking: ARM v7 gcc linker'
arm-none-eabi-gcc -mcpu=cortex-a9 -mfpu=vfpv3 -mfloat-abi=hard -Wl,-build-id=none -specs=Xilinx.spec -Wl,-T -Wl,../src/lscript.ld -L../../GPIO_Interrupt_bsp/ps7_cortexa9_0/lib -o "GPIO_Interrupt.elf"  ./src/helloworld.o ./src/platform.o   -Wl,--start-group,-lxil,-lgcc,-lc,--end-group
'Finished building target: GPIO_Interrupt.elf'
' '
'Invoking: ARM v7 Print Size'
arm-none-eabi-size GPIO_Interrupt.elf  |tee "GPIO_Interrupt.elf.size"
   text	   data	    bss	    dec	    hex	filename
  19352	   1144	  22568	  43064	   a838	GPIO_Interrupt.elf
'Finished building: GPIO_Interrupt.elf.size'
' '
16:23:05 **** Auto Build of configuration Debug for project GPIO_Interrupt ****
make pre-build main-build 
a9-linaro-pre-build-step
' '
'Building file: ../src/helloworld.c'
'Invoking: ARM v7 gcc compiler'
arm-none-eabi-gcc -Wall -O0 -g3 -c -fmessage-length=0 -MT"src/helloworld.o" -mcpu=cortex-a9 -mfpu=vfpv3 -mfloat-abi=hard -I../../GPIO_Interrupt_bsp/ps7_cortexa9_0/include -MMD -MP -MF"src/helloworld.d" -MT"src/helloworld.o" -o "src/helloworld.o" "../src/helloworld.c"
'Finished building: ../src/helloworld.c'
' '
'Building target: GPIO_Interrupt.elf'
'Invoking: ARM v7 gcc linker'
arm-none-eabi-gcc -mcpu=cortex-a9 -mfpu=vfpv3 -mfloat-abi=hard -Wl,-build-id=none -specs=Xilinx.spec -Wl,-T -Wl,../src/lscript.ld -L../../GPIO_Interrupt_bsp/ps7_cortexa9_0/lib -o "GPIO_Interrupt.elf"  ./src/helloworld.o ./src/platform.o   -Wl,--start-group,-lxil,-lgcc,-lc,--end-group
'Finished building target: GPIO_Interrupt.elf'
' '
'Invoking: ARM v7 Print Size'
arm-none-eabi-size GPIO_Interrupt.elf  |tee "GPIO_Interrupt.elf.size"
   text	   data	    bss	    dec	    hex	filename
  19352	   1144	  22568	  43064	   a838	GPIO_Interrupt.elf
'Finished building: GPIO_Interrupt.elf.size'
' '
16:28:19 **** Auto Build of configuration Debug for project GPIO_Interrupt ****
make pre-build main-build 
a9-linaro-pre-build-step
' '
'Building file: ../src/helloworld.c'
'Invoking: ARM v7 gcc compiler'
arm-none-eabi-gcc -Wall -O0 -g3 -c -fmessage-length=0 -MT"src/helloworld.o" -mcpu=cortex-a9 -mfpu=vfpv3 -mfloat-abi=hard -I../../GPIO_Interrupt_bsp/ps7_cortexa9_0/include -MMD -MP -MF"src/helloworld.d" -MT"src/helloworld.o" -o "src/helloworld.o" "../src/helloworld.c"
'Finished building: ../src/helloworld.c'
' '
'Building target: GPIO_Interrupt.elf'
'Invoking: ARM v7 gcc linker'
arm-none-eabi-gcc -mcpu=cortex-a9 -mfpu=vfpv3 -mfloat-abi=hard -Wl,-build-id=none -specs=Xilinx.spec -Wl,-T -Wl,../src/lscript.ld -L../../GPIO_Interrupt_bsp/ps7_cortexa9_0/lib -o "GPIO_Interrupt.elf"  ./src/helloworld.o ./src/platform.o   -Wl,--start-group,-lxil,-lgcc,-lc,--end-group
'Finished building target: GPIO_Interrupt.elf'
' '
'Invoking: ARM v7 Print Size'
arm-none-eabi-size GPIO_Interrupt.elf  |tee "GPIO_Interrupt.elf.size"
   text	   data	    bss	    dec	    hex	filename
  19352	   1144	  22568	  43064	   a838	GPIO_Interrupt.elf
'Finished building: GPIO_Interrupt.elf.size'
' '
13:52:49 **** Clean-only build of configuration Debug for project GPIO_Interrupt ****
make clean 
rm -rf  ./src/helloworld.o ./src/platform.o  ./src/helloworld.d ./src/platform.d  GPIO_Interrupt.elf.size  GPIO_Interrupt.elf
' '
13:52:50 **** Incremental Build of configuration Debug for project GPIO_Interrupt ****
make pre-build main-build 
a9-linaro-pre-build-step
' '
'Building file: ../src/helloworld.c'
'Invoking: ARM v7 gcc compiler'
arm-none-eabi-gcc -Wall -O0 -g3 -c -fmessage-length=0 -MT"src/helloworld.o" -mcpu=cortex-a9 -mfpu=vfpv3 -mfloat-abi=hard -I../../GPIO_Interrupt_bsp/ps7_cortexa9_0/include -MMD -MP -MF"src/helloworld.d" -MT"src/helloworld.o" -o "src/helloworld.o" "../src/helloworld.c"
'Finished building: ../src/helloworld.c'
' '
'Building file: ../src/platform.c'
'Invoking: ARM v7 gcc compiler'
arm-none-eabi-gcc -Wall -O0 -g3 -c -fmessage-length=0 -MT"src/platform.o" -mcpu=cortex-a9 -mfpu=vfpv3 -mfloat-abi=hard -I../../GPIO_Interrupt_bsp/ps7_cortexa9_0/include -MMD -MP -MF"src/platform.d" -MT"src/platform.o" -o "src/platform.o" "../src/platform.c"
'Finished building: ../src/platform.c'
' '
'Building target: GPIO_Interrupt.elf'
'Invoking: ARM v7 gcc linker'
arm-none-eabi-gcc -mcpu=cortex-a9 -mfpu=vfpv3 -mfloat-abi=hard -Wl,-build-id=none -specs=Xilinx.spec -Wl,-T -Wl,../src/lscript.ld -L../../GPIO_Interrupt_bsp/ps7_cortexa9_0/lib -o "GPIO_Interrupt.elf"  ./src/helloworld.o ./src/platform.o   -Wl,--start-group,-lxil,-lgcc,-lc,--end-group
Command canceled
13:58:14 **** Build of configuration Debug for project GPIO_Interrupt ****
make pre-build main-build 
a9-linaro-pre-build-step
' '
'Building file: ../src/helloworld.c'
'Invoking: ARM v7 gcc compiler'
arm-none-eabi-gcc -Wall -O0 -g3 -c -fmessage-length=0 -MT"src/helloworld.o" -mcpu=cortex-a9 -mfpu=vfpv3 -mfloat-abi=hard -I../../GPIO_Interrupt_bsp/ps7_cortexa9_0/include -MMD -MP -MF"src/helloworld.d" -MT"src/helloworld.o" -o "src/helloworld.o" "../src/helloworld.c"
../src/helloworld.c:66:6: error: conflicting types for 'print'
 void print(char *str)
      ^~~~~
In file included from ../src/helloworld.c:50:0:
../../GPIO_Interrupt_bsp/ps7_cortexa9_0/include/xil_printf.h:40:6: note: previous declaration of 'print' was here
 void print( const char8 *ptr);
      ^~~~~
../src/helloworld.c: In function 'print':
../src/helloworld.c:69:1: error: expected '=', ',', ';', 'asm' or '__attribute__' before '{' token
 {
 ^
../src/helloworld.c:76:1: error: expected '{' at end of input
 }
 ^
make: *** [src/helloworld.o] Error 1
13:58:26 **** Auto Build of configuration Debug for project GPIO_Interrupt ****
make pre-build main-build 
a9-linaro-pre-build-step
' '
'Building file: ../src/helloworld.c'
'Invoking: ARM v7 gcc compiler'
arm-none-eabi-gcc -Wall -O0 -g3 -c -fmessage-length=0 -MT"src/helloworld.o" -mcpu=cortex-a9 -mfpu=vfpv3 -mfloat-abi=hard -I../../GPIO_Interrupt_bsp/ps7_cortexa9_0/include -MMD -MP -MF"src/helloworld.d" -MT"src/helloworld.o" -o "src/helloworld.o" "../src/helloworld.c"
../src/helloworld.c:66:6: error: conflicting types for 'print'
 void print(char *str);
      ^~~~~
In file included from ../src/helloworld.c:50:0:
../../GPIO_Interrupt_bsp/ps7_cortexa9_0/include/xil_printf.h:40:6: note: previous declaration of 'print' was here
 void print( const char8 *ptr);
      ^~~~~
make: *** [src/helloworld.o] Error 1
14:06:25 **** Auto Build of configuration Debug for project GPIO_Interrupt ****
make pre-build main-build 
a9-linaro-pre-build-step
' '
'Building file: ../src/helloworld.c'
'Invoking: ARM v7 gcc compiler'
arm-none-eabi-gcc -Wall -O0 -g3 -c -fmessage-length=0 -MT"src/helloworld.o" -mcpu=cortex-a9 -mfpu=vfpv3 -mfloat-abi=hard -I../../GPIO_Interrupt_bsp/ps7_cortexa9_0/include -MMD -MP -MF"src/helloworld.d" -MT"src/helloworld.o" -o "src/helloworld.o" "../src/helloworld.c"
'Finished building: ../src/helloworld.c'
' '
'Building target: GPIO_Interrupt.elf'
'Invoking: ARM v7 gcc linker'
arm-none-eabi-gcc -mcpu=cortex-a9 -mfpu=vfpv3 -mfloat-abi=hard -Wl,-build-id=none -specs=Xilinx.spec -Wl,-T -Wl,../src/lscript.ld -L../../GPIO_Interrupt_bsp/ps7_cortexa9_0/lib -o "GPIO_Interrupt.elf"  ./src/helloworld.o ./src/platform.o   -Wl,--start-group,-lxil,-lgcc,-lc,--end-group
'Finished building target: GPIO_Interrupt.elf'
' '
'Invoking: ARM v7 Print Size'
arm-none-eabi-size GPIO_Interrupt.elf  |tee "GPIO_Interrupt.elf.size"
   text	   data	    bss	    dec	    hex	filename
  19352	   1144	  22568	  43064	   a838	GPIO_Interrupt.elf
'Finished building: GPIO_Interrupt.elf.size'
' '
14:15:21 **** Auto Build of configuration Debug for project GPIO_Interrupt ****
make pre-build main-build 
a9-linaro-pre-build-step
' '
'Building file: ../src/helloworld.c'
'Invoking: ARM v7 gcc compiler'
arm-none-eabi-gcc -Wall -O0 -g3 -c -fmessage-length=0 -MT"src/helloworld.o" -mcpu=cortex-a9 -mfpu=vfpv3 -mfloat-abi=hard -I../../GPIO_Interrupt_bsp/ps7_cortexa9_0/include -MMD -MP -MF"src/helloworld.d" -MT"src/helloworld.o" -o "src/helloworld.o" "../src/helloworld.c"
'Finished building: ../src/helloworld.c'
' '
'Building target: GPIO_Interrupt.elf'
'Invoking: ARM v7 gcc linker'
arm-none-eabi-gcc -mcpu=cortex-a9 -mfpu=vfpv3 -mfloat-abi=hard -Wl,-build-id=none -specs=Xilinx.spec -Wl,-T -Wl,../src/lscript.ld -L../../GPIO_Interrupt_bsp/ps7_cortexa9_0/lib -o "GPIO_Interrupt.elf"  ./src/helloworld.o ./src/platform.o   -Wl,--start-group,-lxil,-lgcc,-lc,--end-group
'Finished building target: GPIO_Interrupt.elf'
' '
'Invoking: ARM v7 Print Size'
arm-none-eabi-size GPIO_Interrupt.elf  |tee "GPIO_Interrupt.elf.size"
   text	   data	    bss	    dec	    hex	filename
  25316	   2752	  22632	  50700	   c60c	GPIO_Interrupt.elf
'Finished building: GPIO_Interrupt.elf.size'
' '
14:24:21 **** Incremental Build of configuration Debug for project GPIO_Interrupt ****
make pre-build main-build 
a9-linaro-pre-build-step
' '
make: Nothing to be done for `main-build'.
14:32:22 **** Incremental Build of configuration Debug for project GPIO_Interrupt ****
make pre-build main-build 
a9-linaro-pre-build-step
' '
make: Nothing to be done for `main-build'.
14:33:29 **** Incremental Build of configuration Debug for project GPIO_Interrupt ****
make pre-build main-build 
a9-linaro-pre-build-step
' '
make: Nothing to be done for `main-build'.
14:34:01 **** Auto Build of configuration Debug for project GPIO_Interrupt ****
make pre-build main-build 
a9-linaro-pre-build-step
' '
'Building file: ../src/helloworld.c'
'Invoking: ARM v7 gcc compiler'
arm-none-eabi-gcc -Wall -O0 -g3 -c -fmessage-length=0 -MT"src/helloworld.o" -mcpu=cortex-a9 -mfpu=vfpv3 -mfloat-abi=hard -I../../GPIO_Interrupt_bsp/ps7_cortexa9_0/include -MMD -MP -MF"src/helloworld.d" -MT"src/helloworld.o" -o "src/helloworld.o" "../src/helloworld.c"
'Finished building: ../src/helloworld.c'
' '
'Building target: GPIO_Interrupt.elf'
'Invoking: ARM v7 gcc linker'
arm-none-eabi-gcc -mcpu=cortex-a9 -mfpu=vfpv3 -mfloat-abi=hard -Wl,-build-id=none -specs=Xilinx.spec -Wl,-T -Wl,../src/lscript.ld -L../../GPIO_Interrupt_bsp/ps7_cortexa9_0/lib -o "GPIO_Interrupt.elf"  ./src/helloworld.o ./src/platform.o   -Wl,--start-group,-lxil,-lgcc,-lc,--end-group
'Finished building target: GPIO_Interrupt.elf'
' '
'Invoking: ARM v7 Print Size'
arm-none-eabi-size GPIO_Interrupt.elf  |tee "GPIO_Interrupt.elf.size"
   text	   data	    bss	    dec	    hex	filename
  76700	   4188	  23392	 104280	  19758	GPIO_Interrupt.elf
'Finished building: GPIO_Interrupt.elf.size'
' '
14:34:04 **** Incremental Build of configuration Debug for project GPIO_Interrupt ****
make pre-build main-build 
a9-linaro-pre-build-step
' '
make: Nothing to be done for `main-build'.
14:35:12 **** Auto Build of configuration Debug for project GPIO_Interrupt ****
make pre-build main-build 
a9-linaro-pre-build-step
' '
'Building file: ../src/helloworld.c'
'Invoking: ARM v7 gcc compiler'
arm-none-eabi-gcc -Wall -O0 -g3 -c -fmessage-length=0 -MT"src/helloworld.o" -mcpu=cortex-a9 -mfpu=vfpv3 -mfloat-abi=hard -I../../GPIO_Interrupt_bsp/ps7_cortexa9_0/include -MMD -MP -MF"src/helloworld.d" -MT"src/helloworld.o" -o "src/helloworld.o" "../src/helloworld.c"
'Finished building: ../src/helloworld.c'
' '
'Building target: GPIO_Interrupt.elf'
'Invoking: ARM v7 gcc linker'
arm-none-eabi-gcc -mcpu=cortex-a9 -mfpu=vfpv3 -mfloat-abi=hard -Wl,-build-id=none -specs=Xilinx.spec -Wl,-T -Wl,../src/lscript.ld -L../../GPIO_Interrupt_bsp/ps7_cortexa9_0/lib -o "GPIO_Interrupt.elf"  ./src/helloworld.o ./src/platform.o   -Wl,--start-group,-lxil,-lgcc,-lc,--end-group
'Finished building target: GPIO_Interrupt.elf'
' '
'Invoking: ARM v7 Print Size'
arm-none-eabi-size GPIO_Interrupt.elf  |tee "GPIO_Interrupt.elf.size"
   text	   data	    bss	    dec	    hex	filename
  25316	   2752	  22632	  50700	   c60c	GPIO_Interrupt.elf
'Finished building: GPIO_Interrupt.elf.size'
' '
14:35:25 **** Incremental Build of configuration Debug for project GPIO_Interrupt ****
make pre-build main-build 
a9-linaro-pre-build-step
' '
make: Nothing to be done for `main-build'.
14:37:50 **** Incremental Build of configuration Debug for project GPIO_Interrupt ****
make pre-build main-build 
a9-linaro-pre-build-step
' '
make: Nothing to be done for `main-build'.
14:38:07 **** Incremental Build of configuration Debug for project GPIO_Interrupt ****
make pre-build main-build 
a9-linaro-pre-build-step
' '
make: Nothing to be done for `main-build'.
14:38:30 **** Incremental Build of configuration Debug for project GPIO_Interrupt ****
make pre-build main-build 
a9-linaro-pre-build-step
' '
make: Nothing to be done for `main-build'.
14:43:01 **** Incremental Build of configuration Debug for project GPIO_Interrupt ****
make pre-build main-build 
a9-linaro-pre-build-step
' '
make: Nothing to be done for `main-build'.
14:46:49 **** Incremental Build of configuration Debug for project GPIO_Interrupt ****
make pre-build main-build 
a9-linaro-pre-build-step
' '
make: Nothing to be done for `main-build'.
14:47:10 **** Auto Build of configuration Debug for project GPIO_Interrupt ****
make pre-build main-build 
a9-linaro-pre-build-step
' '
'Building file: ../src/helloworld.c'
'Invoking: ARM v7 gcc compiler'
arm-none-eabi-gcc -Wall -O0 -g3 -c -fmessage-length=0 -MT"src/helloworld.o" -mcpu=cortex-a9 -mfpu=vfpv3 -mfloat-abi=hard -I../../GPIO_Interrupt_bsp/ps7_cortexa9_0/include -MMD -MP -MF"src/helloworld.d" -MT"src/helloworld.o" -o "src/helloworld.o" "../src/helloworld.c"
'Finished building: ../src/helloworld.c'
' '
'Building target: GPIO_Interrupt.elf'
'Invoking: ARM v7 gcc linker'
arm-none-eabi-gcc -mcpu=cortex-a9 -mfpu=vfpv3 -mfloat-abi=hard -Wl,-build-id=none -specs=Xilinx.spec -Wl,-T -Wl,../src/lscript.ld -L../../GPIO_Interrupt_bsp/ps7_cortexa9_0/lib -o "GPIO_Interrupt.elf"  ./src/helloworld.o ./src/platform.o   -Wl,--start-group,-lxil,-lgcc,-lc,--end-group
'Finished building target: GPIO_Interrupt.elf'
' '
'Invoking: ARM v7 Print Size'
arm-none-eabi-size GPIO_Interrupt.elf  |tee "GPIO_Interrupt.elf.size"
   text	   data	    bss	    dec	    hex	filename
  76780	   4188	  23392	 104360	  197a8	GPIO_Interrupt.elf
'Finished building: GPIO_Interrupt.elf.size'
' '
14:47:16 **** Incremental Build of configuration Debug for project GPIO_Interrupt ****
make pre-build main-build 
a9-linaro-pre-build-step
' '
make: Nothing to be done for `main-build'.
14:48:47 **** Auto Build of configuration Debug for project GPIO_Interrupt ****
make pre-build main-build 
a9-linaro-pre-build-step
' '
'Building file: ../src/helloworld.c'
'Invoking: ARM v7 gcc compiler'
arm-none-eabi-gcc -Wall -O0 -g3 -c -fmessage-length=0 -MT"src/helloworld.o" -mcpu=cortex-a9 -mfpu=vfpv3 -mfloat-abi=hard -I../../GPIO_Interrupt_bsp/ps7_cortexa9_0/include -MMD -MP -MF"src/helloworld.d" -MT"src/helloworld.o" -o "src/helloworld.o" "../src/helloworld.c"
'Finished building: ../src/helloworld.c'
' '
'Building target: GPIO_Interrupt.elf'
'Invoking: ARM v7 gcc linker'
arm-none-eabi-gcc -mcpu=cortex-a9 -mfpu=vfpv3 -mfloat-abi=hard -Wl,-build-id=none -specs=Xilinx.spec -Wl,-T -Wl,../src/lscript.ld -L../../GPIO_Interrupt_bsp/ps7_cortexa9_0/lib -o "GPIO_Interrupt.elf"  ./src/helloworld.o ./src/platform.o   -Wl,--start-group,-lxil,-lgcc,-lc,--end-group
'Finished building target: GPIO_Interrupt.elf'
' '
'Invoking: ARM v7 Print Size'
arm-none-eabi-size GPIO_Interrupt.elf  |tee "GPIO_Interrupt.elf.size"
   text	   data	    bss	    dec	    hex	filename
  76780	   4188	  23392	 104360	  197a8	GPIO_Interrupt.elf
'Finished building: GPIO_Interrupt.elf.size'
' '
14:49:31 **** Auto Build of configuration Debug for project GPIO_Interrupt ****
make pre-build main-build 
a9-linaro-pre-build-step
' '
'Building file: ../src/helloworld.c'
'Invoking: ARM v7 gcc compiler'
arm-none-eabi-gcc -Wall -O0 -g3 -c -fmessage-length=0 -MT"src/helloworld.o" -mcpu=cortex-a9 -mfpu=vfpv3 -mfloat-abi=hard -I../../GPIO_Interrupt_bsp/ps7_cortexa9_0/include -MMD -MP -MF"src/helloworld.d" -MT"src/helloworld.o" -o "src/helloworld.o" "../src/helloworld.c"
'Finished building: ../src/helloworld.c'
' '
'Building target: GPIO_Interrupt.elf'
'Invoking: ARM v7 gcc linker'
arm-none-eabi-gcc -mcpu=cortex-a9 -mfpu=vfpv3 -mfloat-abi=hard -Wl,-build-id=none -specs=Xilinx.spec -Wl,-T -Wl,../src/lscript.ld -L../../GPIO_Interrupt_bsp/ps7_cortexa9_0/lib -o "GPIO_Interrupt.elf"  ./src/helloworld.o ./src/platform.o   -Wl,--start-group,-lxil,-lgcc,-lc,--end-group
'Finished building target: GPIO_Interrupt.elf'
' '
'Invoking: ARM v7 Print Size'
arm-none-eabi-size GPIO_Interrupt.elf  |tee "GPIO_Interrupt.elf.size"
   text	   data	    bss	    dec	    hex	filename
  76780	   4188	  23392	 104360	  197a8	GPIO_Interrupt.elf
'Finished building: GPIO_Interrupt.elf.size'
' '
14:49:44 **** Incremental Build of configuration Debug for project GPIO_Interrupt ****
make pre-build main-build 
a9-linaro-pre-build-step
' '
make: Nothing to be done for `main-build'.
14:49:58 **** Auto Build of configuration Debug for project GPIO_Interrupt ****
make pre-build main-build 
a9-linaro-pre-build-step
' '
'Building file: ../src/helloworld.c'
'Invoking: ARM v7 gcc compiler'
arm-none-eabi-gcc -Wall -O0 -g3 -c -fmessage-length=0 -MT"src/helloworld.o" -mcpu=cortex-a9 -mfpu=vfpv3 -mfloat-abi=hard -I../../GPIO_Interrupt_bsp/ps7_cortexa9_0/include -MMD -MP -MF"src/helloworld.d" -MT"src/helloworld.o" -o "src/helloworld.o" "../src/helloworld.c"
'Finished building: ../src/helloworld.c'
' '
'Building target: GPIO_Interrupt.elf'
'Invoking: ARM v7 gcc linker'
arm-none-eabi-gcc -mcpu=cortex-a9 -mfpu=vfpv3 -mfloat-abi=hard -Wl,-build-id=none -specs=Xilinx.spec -Wl,-T -Wl,../src/lscript.ld -L../../GPIO_Interrupt_bsp/ps7_cortexa9_0/lib -o "GPIO_Interrupt.elf"  ./src/helloworld.o ./src/platform.o   -Wl,--start-group,-lxil,-lgcc,-lc,--end-group
'Finished building target: GPIO_Interrupt.elf'
' '
'Invoking: ARM v7 Print Size'
arm-none-eabi-size GPIO_Interrupt.elf  |tee "GPIO_Interrupt.elf.size"
   text	   data	    bss	    dec	    hex	filename
  76780	   4188	  23392	 104360	  197a8	GPIO_Interrupt.elf
'Finished building: GPIO_Interrupt.elf.size'
' '
14:50:02 **** Incremental Build of configuration Debug for project GPIO_Interrupt ****
make pre-build main-build 
a9-linaro-pre-build-step
' '
make: Nothing to be done for `main-build'.
15:17:19 **** Incremental Build of configuration Debug for project GPIO_Interrupt ****
make pre-build main-build 
a9-linaro-pre-build-step
' '
make: Nothing to be done for `main-build'.
15:17:20 **** Incremental Build of configuration Debug for project GPIO_Interrupt ****
make pre-build main-build 
a9-linaro-pre-build-step
' '
make: Nothing to be done for `main-build'.
15:23:29 **** Incremental Build of configuration Debug for project GPIO_Interrupt ****
make pre-build main-build 
a9-linaro-pre-build-step
' '
make: Nothing to be done for `main-build'.
15:36:31 **** Auto Build of configuration Debug for project GPIO_Interrupt ****
make pre-build main-build 
a9-linaro-pre-build-step
' '
'Building file: ../src/helloworld.c'
'Invoking: ARM v7 gcc compiler'
arm-none-eabi-gcc -Wall -O0 -g3 -c -fmessage-length=0 -MT"src/helloworld.o" -mcpu=cortex-a9 -mfpu=vfpv3 -mfloat-abi=hard -I../../GPIO_Interrupt_bsp/ps7_cortexa9_0/include -MMD -MP -MF"src/helloworld.d" -MT"src/helloworld.o" -o "src/helloworld.o" "../src/helloworld.c"
'Finished building: ../src/helloworld.c'
' '
'Building target: GPIO_Interrupt.elf'
'Invoking: ARM v7 gcc linker'
arm-none-eabi-gcc -mcpu=cortex-a9 -mfpu=vfpv3 -mfloat-abi=hard -Wl,-build-id=none -specs=Xilinx.spec -Wl,-T -Wl,../src/lscript.ld -L../../GPIO_Interrupt_bsp/ps7_cortexa9_0/lib -o "GPIO_Interrupt.elf"  ./src/helloworld.o ./src/platform.o   -Wl,--start-group,-lxil,-lgcc,-lc,--end-group
'Finished building target: GPIO_Interrupt.elf'
' '
'Invoking: ARM v7 Print Size'
arm-none-eabi-size GPIO_Interrupt.elf  |tee "GPIO_Interrupt.elf.size"
   text	   data	    bss	    dec	    hex	filename
  76780	   4188	  23392	 104360	  197a8	GPIO_Interrupt.elf
'Finished building: GPIO_Interrupt.elf.size'
' '
15:36:44 **** Incremental Build of configuration Debug for project GPIO_Interrupt ****
make pre-build main-build 
a9-linaro-pre-build-step
' '
make: Nothing to be done for `main-build'.
15:38:41 **** Auto Build of configuration Debug for project GPIO_Interrupt ****
make pre-build main-build 
a9-linaro-pre-build-step
' '
'Building file: ../src/helloworld.c'
'Invoking: ARM v7 gcc compiler'
arm-none-eabi-gcc -Wall -O0 -g3 -c -fmessage-length=0 -MT"src/helloworld.o" -mcpu=cortex-a9 -mfpu=vfpv3 -mfloat-abi=hard -I../../GPIO_Interrupt_bsp/ps7_cortexa9_0/include -MMD -MP -MF"src/helloworld.d" -MT"src/helloworld.o" -o "src/helloworld.o" "../src/helloworld.c"
'Finished building: ../src/helloworld.c'
' '
'Building target: GPIO_Interrupt.elf'
'Invoking: ARM v7 gcc linker'
arm-none-eabi-gcc -mcpu=cortex-a9 -mfpu=vfpv3 -mfloat-abi=hard -Wl,-build-id=none -specs=Xilinx.spec -Wl,-T -Wl,../src/lscript.ld -L../../GPIO_Interrupt_bsp/ps7_cortexa9_0/lib -o "GPIO_Interrupt.elf"  ./src/helloworld.o ./src/platform.o   -Wl,--start-group,-lxil,-lgcc,-lc,--end-group
'Finished building target: GPIO_Interrupt.elf'
' '
'Invoking: ARM v7 Print Size'
arm-none-eabi-size GPIO_Interrupt.elf  |tee "GPIO_Interrupt.elf.size"
   text	   data	    bss	    dec	    hex	filename
  76780	   4188	  23392	 104360	  197a8	GPIO_Interrupt.elf
'Finished building: GPIO_Interrupt.elf.size'
' '
15:40:08 **** Auto Build of configuration Debug for project GPIO_Interrupt ****
make pre-build main-build 
a9-linaro-pre-build-step
' '
'Building file: ../src/helloworld.c'
'Invoking: ARM v7 gcc compiler'
arm-none-eabi-gcc -Wall -O0 -g3 -c -fmessage-length=0 -MT"src/helloworld.o" -mcpu=cortex-a9 -mfpu=vfpv3 -mfloat-abi=hard -I../../GPIO_Interrupt_bsp/ps7_cortexa9_0/include -MMD -MP -MF"src/helloworld.d" -MT"src/helloworld.o" -o "src/helloworld.o" "../src/helloworld.c"
'Finished building: ../src/helloworld.c'
' '
'Building target: GPIO_Interrupt.elf'
'Invoking: ARM v7 gcc linker'
arm-none-eabi-gcc -mcpu=cortex-a9 -mfpu=vfpv3 -mfloat-abi=hard -Wl,-build-id=none -specs=Xilinx.spec -Wl,-T -Wl,../src/lscript.ld -L../../GPIO_Interrupt_bsp/ps7_cortexa9_0/lib -o "GPIO_Interrupt.elf"  ./src/helloworld.o ./src/platform.o   -Wl,--start-group,-lxil,-lgcc,-lc,--end-group
'Finished building target: GPIO_Interrupt.elf'
' '
'Invoking: ARM v7 Print Size'
arm-none-eabi-size GPIO_Interrupt.elf  |tee "GPIO_Interrupt.elf.size"
   text	   data	    bss	    dec	    hex	filename
  76780	   4188	  23392	 104360	  197a8	GPIO_Interrupt.elf
'Finished building: GPIO_Interrupt.elf.size'
' '
15:40:10 **** Incremental Build of configuration Debug for project GPIO_Interrupt ****
make pre-build main-build 
a9-linaro-pre-build-step
' '
make: Nothing to be done for `main-build'.
15:42:36 **** Incremental Build of configuration Debug for project GPIO_Interrupt ****
make pre-build main-build 
a9-linaro-pre-build-step
' '
make: Nothing to be done for `main-build'.
15:44:26 **** Auto Build of configuration Debug for project GPIO_Interrupt ****
make pre-build main-build 
a9-linaro-pre-build-step
' '
'Building file: ../src/helloworld.c'
'Invoking: ARM v7 gcc compiler'
arm-none-eabi-gcc -Wall -O0 -g3 -c -fmessage-length=0 -MT"src/helloworld.o" -mcpu=cortex-a9 -mfpu=vfpv3 -mfloat-abi=hard -I../../GPIO_Interrupt_bsp/ps7_cortexa9_0/include -MMD -MP -MF"src/helloworld.d" -MT"src/helloworld.o" -o "src/helloworld.o" "../src/helloworld.c"
'Finished building: ../src/helloworld.c'
' '
'Building target: GPIO_Interrupt.elf'
'Invoking: ARM v7 gcc linker'
arm-none-eabi-gcc -mcpu=cortex-a9 -mfpu=vfpv3 -mfloat-abi=hard -Wl,-build-id=none -specs=Xilinx.spec -Wl,-T -Wl,../src/lscript.ld -L../../GPIO_Interrupt_bsp/ps7_cortexa9_0/lib -o "GPIO_Interrupt.elf"  ./src/helloworld.o ./src/platform.o   -Wl,--start-group,-lxil,-lgcc,-lc,--end-group
'Finished building target: GPIO_Interrupt.elf'
' '
'Invoking: ARM v7 Print Size'
arm-none-eabi-size GPIO_Interrupt.elf  |tee "GPIO_Interrupt.elf.size"
   text	   data	    bss	    dec	    hex	filename
  76780	   4188	  23392	 104360	  197a8	GPIO_Interrupt.elf
'Finished building: GPIO_Interrupt.elf.size'
' '
15:44:28 **** Incremental Build of configuration Debug for project GPIO_Interrupt ****
make pre-build main-build 
a9-linaro-pre-build-step
' '
make: Nothing to be done for `main-build'.
15:44:30 **** Incremental Build of configuration Debug for project GPIO_Interrupt ****
make pre-build main-build 
a9-linaro-pre-build-step
' '
make: Nothing to be done for `main-build'.
15:47:43 **** Auto Build of configuration Debug for project GPIO_Interrupt ****
make pre-build main-build 
a9-linaro-pre-build-step
' '
'Building file: ../src/helloworld.c'
'Invoking: ARM v7 gcc compiler'
arm-none-eabi-gcc -Wall -O0 -g3 -c -fmessage-length=0 -MT"src/helloworld.o" -mcpu=cortex-a9 -mfpu=vfpv3 -mfloat-abi=hard -I../../GPIO_Interrupt_bsp/ps7_cortexa9_0/include -MMD -MP -MF"src/helloworld.d" -MT"src/helloworld.o" -o "src/helloworld.o" "../src/helloworld.c"
../src/helloworld.c: In function 'BTN_Intr_Handler':
../src/helloworld.c:94:2: warning: this 'if' clause does not guard... [-Wmisleading-indentation]
  if (btn_value != 1)
  ^~
../src/helloworld.c:96:3: note: ...this statement, but the latter is misleadingly indented as if it were guarded by the 'if'
   printf("led_data = 0x%x\n", led_data);
   ^~~~~~
../src/helloworld.c:97:2: error: 'else' without a previous 'if'
  else
  ^~~~
make: *** [src/helloworld.o] Error 1
15:48:09 **** Auto Build of configuration Debug for project GPIO_Interrupt ****
make pre-build main-build 
a9-linaro-pre-build-step
' '
'Building file: ../src/helloworld.c'
'Invoking: ARM v7 gcc compiler'
arm-none-eabi-gcc -Wall -O0 -g3 -c -fmessage-length=0 -MT"src/helloworld.o" -mcpu=cortex-a9 -mfpu=vfpv3 -mfloat-abi=hard -I../../GPIO_Interrupt_bsp/ps7_cortexa9_0/include -MMD -MP -MF"src/helloworld.d" -MT"src/helloworld.o" -o "src/helloworld.o" "../src/helloworld.c"
'Finished building: ../src/helloworld.c'
' '
'Building target: GPIO_Interrupt.elf'
'Invoking: ARM v7 gcc linker'
arm-none-eabi-gcc -mcpu=cortex-a9 -mfpu=vfpv3 -mfloat-abi=hard -Wl,-build-id=none -specs=Xilinx.spec -Wl,-T -Wl,../src/lscript.ld -L../../GPIO_Interrupt_bsp/ps7_cortexa9_0/lib -o "GPIO_Interrupt.elf"  ./src/helloworld.o ./src/platform.o   -Wl,--start-group,-lxil,-lgcc,-lc,--end-group
'Finished building target: GPIO_Interrupt.elf'
' '
'Invoking: ARM v7 Print Size'
arm-none-eabi-size GPIO_Interrupt.elf  |tee "GPIO_Interrupt.elf.size"
   text	   data	    bss	    dec	    hex	filename
  76780	   4188	  23392	 104360	  197a8	GPIO_Interrupt.elf
'Finished building: GPIO_Interrupt.elf.size'
' '
15:48:22 **** Auto Build of configuration Debug for project GPIO_Interrupt ****
make pre-build main-build 
a9-linaro-pre-build-step
' '
'Building file: ../src/helloworld.c'
'Invoking: ARM v7 gcc compiler'
arm-none-eabi-gcc -Wall -O0 -g3 -c -fmessage-length=0 -MT"src/helloworld.o" -mcpu=cortex-a9 -mfpu=vfpv3 -mfloat-abi=hard -I../../GPIO_Interrupt_bsp/ps7_cortexa9_0/include -MMD -MP -MF"src/helloworld.d" -MT"src/helloworld.o" -o "src/helloworld.o" "../src/helloworld.c"
../src/helloworld.c: In function 'BTN_Intr_Handler':
../src/helloworld.c:94:2: warning: this 'if' clause does not guard... [-Wmisleading-indentation]
  if (btn_value != 1)
  ^~
../src/helloworld.c:96:3: note: ...this statement, but the latter is misleadingly indented as if it were guarded by the 'if'
   printf("led_data = 0x%x\n", led_data);
   ^~~~~~
../src/helloworld.c:97:2: error: 'else' without a previous 'if'
  else
  ^~~~
make: *** [src/helloworld.o] Error 1
15:48:59 **** Auto Build of configuration Debug for project GPIO_Interrupt ****
make pre-build main-build 
a9-linaro-pre-build-step
' '
'Building file: ../src/helloworld.c'
'Invoking: ARM v7 gcc compiler'
arm-none-eabi-gcc -Wall -O0 -g3 -c -fmessage-length=0 -MT"src/helloworld.o" -mcpu=cortex-a9 -mfpu=vfpv3 -mfloat-abi=hard -I../../GPIO_Interrupt_bsp/ps7_cortexa9_0/include -MMD -MP -MF"src/helloworld.d" -MT"src/helloworld.o" -o "src/helloworld.o" "../src/helloworld.c"
'Finished building: ../src/helloworld.c'
' '
'Building target: GPIO_Interrupt.elf'
'Invoking: ARM v7 gcc linker'
arm-none-eabi-gcc -mcpu=cortex-a9 -mfpu=vfpv3 -mfloat-abi=hard -Wl,-build-id=none -specs=Xilinx.spec -Wl,-T -Wl,../src/lscript.ld -L../../GPIO_Interrupt_bsp/ps7_cortexa9_0/lib -o "GPIO_Interrupt.elf"  ./src/helloworld.o ./src/platform.o   -Wl,--start-group,-lxil,-lgcc,-lc,--end-group
'Finished building target: GPIO_Interrupt.elf'
' '
'Invoking: ARM v7 Print Size'
arm-none-eabi-size GPIO_Interrupt.elf  |tee "GPIO_Interrupt.elf.size"
   text	   data	    bss	    dec	    hex	filename
  76780	   4188	  23392	 104360	  197a8	GPIO_Interrupt.elf
'Finished building: GPIO_Interrupt.elf.size'
' '
15:49:11 **** Auto Build of configuration Debug for project GPIO_Interrupt ****
make pre-build main-build 
a9-linaro-pre-build-step
' '
'Building file: ../src/helloworld.c'
'Invoking: ARM v7 gcc compiler'
arm-none-eabi-gcc -Wall -O0 -g3 -c -fmessage-length=0 -MT"src/helloworld.o" -mcpu=cortex-a9 -mfpu=vfpv3 -mfloat-abi=hard -I../../GPIO_Interrupt_bsp/ps7_cortexa9_0/include -MMD -MP -MF"src/helloworld.d" -MT"src/helloworld.o" -o "src/helloworld.o" "../src/helloworld.c"
'Finished building: ../src/helloworld.c'
' '
'Building target: GPIO_Interrupt.elf'
'Invoking: ARM v7 gcc linker'
arm-none-eabi-gcc -mcpu=cortex-a9 -mfpu=vfpv3 -mfloat-abi=hard -Wl,-build-id=none -specs=Xilinx.spec -Wl,-T -Wl,../src/lscript.ld -L../../GPIO_Interrupt_bsp/ps7_cortexa9_0/lib -o "GPIO_Interrupt.elf"  ./src/helloworld.o ./src/platform.o   -Wl,--start-group,-lxil,-lgcc,-lc,--end-group
'Finished building target: GPIO_Interrupt.elf'
' '
'Invoking: ARM v7 Print Size'
arm-none-eabi-size GPIO_Interrupt.elf  |tee "GPIO_Interrupt.elf.size"
   text	   data	    bss	    dec	    hex	filename
  76796	   4188	  23392	 104376	  197b8	GPIO_Interrupt.elf
'Finished building: GPIO_Interrupt.elf.size'
' '
15:49:18 **** Incremental Build of configuration Debug for project GPIO_Interrupt ****
make pre-build main-build 
a9-linaro-pre-build-step
' '
make: Nothing to be done for `main-build'.
15:49:57 **** Auto Build of configuration Debug for project GPIO_Interrupt ****
make pre-build main-build 
a9-linaro-pre-build-step
' '
'Building file: ../src/helloworld.c'
'Invoking: ARM v7 gcc compiler'
arm-none-eabi-gcc -Wall -O0 -g3 -c -fmessage-length=0 -MT"src/helloworld.o" -mcpu=cortex-a9 -mfpu=vfpv3 -mfloat-abi=hard -I../../GPIO_Interrupt_bsp/ps7_cortexa9_0/include -MMD -MP -MF"src/helloworld.d" -MT"src/helloworld.o" -o "src/helloworld.o" "../src/helloworld.c"
'Finished building: ../src/helloworld.c'
' '
'Building target: GPIO_Interrupt.elf'
'Invoking: ARM v7 gcc linker'
arm-none-eabi-gcc -mcpu=cortex-a9 -mfpu=vfpv3 -mfloat-abi=hard -Wl,-build-id=none -specs=Xilinx.spec -Wl,-T -Wl,../src/lscript.ld -L../../GPIO_Interrupt_bsp/ps7_cortexa9_0/lib -o "GPIO_Interrupt.elf"  ./src/helloworld.o ./src/platform.o   -Wl,--start-group,-lxil,-lgcc,-lc,--end-group
'Finished building target: GPIO_Interrupt.elf'
' '
'Invoking: ARM v7 Print Size'
arm-none-eabi-size GPIO_Interrupt.elf  |tee "GPIO_Interrupt.elf.size"
   text	   data	    bss	    dec	    hex	filename
  76796	   4188	  23392	 104376	  197b8	GPIO_Interrupt.elf
'Finished building: GPIO_Interrupt.elf.size'
' '
15:50:02 **** Incremental Build of configuration Debug for project GPIO_Interrupt ****
make pre-build main-build 
a9-linaro-pre-build-step
' '
make: Nothing to be done for `main-build'.
15:56:09 **** Auto Build of configuration Debug for project GPIO_Interrupt ****
make pre-build main-build 
a9-linaro-pre-build-step
' '
'Building file: ../src/helloworld.c'
'Invoking: ARM v7 gcc compiler'
arm-none-eabi-gcc -Wall -O0 -g3 -c -fmessage-length=0 -MT"src/helloworld.o" -mcpu=cortex-a9 -mfpu=vfpv3 -mfloat-abi=hard -I../../GPIO_Interrupt_bsp/ps7_cortexa9_0/include -MMD -MP -MF"src/helloworld.d" -MT"src/helloworld.o" -o "src/helloworld.o" "../src/helloworld.c"
'Finished building: ../src/helloworld.c'
' '
'Building target: GPIO_Interrupt.elf'
'Invoking: ARM v7 gcc linker'
arm-none-eabi-gcc -mcpu=cortex-a9 -mfpu=vfpv3 -mfloat-abi=hard -Wl,-build-id=none -specs=Xilinx.spec -Wl,-T -Wl,../src/lscript.ld -L../../GPIO_Interrupt_bsp/ps7_cortexa9_0/lib -o "GPIO_Interrupt.elf"  ./src/helloworld.o ./src/platform.o   -Wl,--start-group,-lxil,-lgcc,-lc,--end-group
'Finished building target: GPIO_Interrupt.elf'
' '
'Invoking: ARM v7 Print Size'
arm-none-eabi-size GPIO_Interrupt.elf  |tee "GPIO_Interrupt.elf.size"
   text	   data	    bss	    dec	    hex	filename
  76796	   4188	  23392	 104376	  197b8	GPIO_Interrupt.elf
'Finished building: GPIO_Interrupt.elf.size'
' '
15:56:11 **** Incremental Build of configuration Debug for project GPIO_Interrupt ****
make pre-build main-build 
a9-linaro-pre-build-step
' '
make: Nothing to be done for `main-build'.
15:57:02 **** Auto Build of configuration Debug for project GPIO_Interrupt ****
make pre-build main-build 
a9-linaro-pre-build-step
' '
'Building file: ../src/helloworld.c'
'Invoking: ARM v7 gcc compiler'
arm-none-eabi-gcc -Wall -O0 -g3 -c -fmessage-length=0 -MT"src/helloworld.o" -mcpu=cortex-a9 -mfpu=vfpv3 -mfloat-abi=hard -I../../GPIO_Interrupt_bsp/ps7_cortexa9_0/include -MMD -MP -MF"src/helloworld.d" -MT"src/helloworld.o" -o "src/helloworld.o" "../src/helloworld.c"
'Finished building: ../src/helloworld.c'
' '
'Building target: GPIO_Interrupt.elf'
'Invoking: ARM v7 gcc linker'
arm-none-eabi-gcc -mcpu=cortex-a9 -mfpu=vfpv3 -mfloat-abi=hard -Wl,-build-id=none -specs=Xilinx.spec -Wl,-T -Wl,../src/lscript.ld -L../../GPIO_Interrupt_bsp/ps7_cortexa9_0/lib -o "GPIO_Interrupt.elf"  ./src/helloworld.o ./src/platform.o   -Wl,--start-group,-lxil,-lgcc,-lc,--end-group
'Finished building target: GPIO_Interrupt.elf'
' '
'Invoking: ARM v7 Print Size'
arm-none-eabi-size GPIO_Interrupt.elf  |tee "GPIO_Interrupt.elf.size"
   text	   data	    bss	    dec	    hex	filename
  76796	   4188	  23392	 104376	  197b8	GPIO_Interrupt.elf
'Finished building: GPIO_Interrupt.elf.size'
' '
15:57:03 **** Incremental Build of configuration Debug for project GPIO_Interrupt ****
make pre-build main-build 
a9-linaro-pre-build-step
' '
make: Nothing to be done for `main-build'.
15:57:55 **** Incremental Build of configuration Debug for project GPIO_Interrupt ****
make pre-build main-build 
a9-linaro-pre-build-step
' '
make: Nothing to be done for `main-build'.
15:59:10 **** Incremental Build of configuration Debug for project GPIO_Interrupt ****
make pre-build main-build 
a9-linaro-pre-build-step
' '
make: Nothing to be done for `main-build'.
16:09:59 **** Auto Build of configuration Debug for project GPIO_Interrupt ****
make pre-build main-build 
a9-linaro-pre-build-step
' '
'Building file: ../src/helloworld.c'
'Invoking: ARM v7 gcc compiler'
arm-none-eabi-gcc -Wall -O0 -g3 -c -fmessage-length=0 -MT"src/helloworld.o" -mcpu=cortex-a9 -mfpu=vfpv3 -mfloat-abi=hard -I../../GPIO_Interrupt_bsp/ps7_cortexa9_0/include -MMD -MP -MF"src/helloworld.d" -MT"src/helloworld.o" -o "src/helloworld.o" "../src/helloworld.c"
'Finished building: ../src/helloworld.c'
' '
'Building target: GPIO_Interrupt.elf'
'Invoking: ARM v7 gcc linker'
arm-none-eabi-gcc -mcpu=cortex-a9 -mfpu=vfpv3 -mfloat-abi=hard -Wl,-build-id=none -specs=Xilinx.spec -Wl,-T -Wl,../src/lscript.ld -L../../GPIO_Interrupt_bsp/ps7_cortexa9_0/lib -o "GPIO_Interrupt.elf"  ./src/helloworld.o ./src/platform.o   -Wl,--start-group,-lxil,-lgcc,-lc,--end-group
'Finished building target: GPIO_Interrupt.elf'
' '
'Invoking: ARM v7 Print Size'
arm-none-eabi-size GPIO_Interrupt.elf  |tee "GPIO_Interrupt.elf.size"
   text	   data	    bss	    dec	    hex	filename
  76796	   4188	  23392	 104376	  197b8	GPIO_Interrupt.elf
'Finished building: GPIO_Interrupt.elf.size'
' '
16:10:01 **** Incremental Build of configuration Debug for project GPIO_Interrupt ****
make pre-build main-build 
a9-linaro-pre-build-step
' '
make: Nothing to be done for `main-build'.
16:11:14 **** Incremental Build of configuration Debug for project GPIO_Interrupt ****
make pre-build main-build 
a9-linaro-pre-build-step
' '
'Building file: ../src/helloworld.c'
'Invoking: ARM v7 gcc compiler'
arm-none-eabi-gcc -Wall -O0 -g3 -c -fmessage-length=0 -MT"src/helloworld.o" -mcpu=cortex-a9 -mfpu=vfpv3 -mfloat-abi=hard -I../../GPIO_Interrupt_bsp/ps7_cortexa9_0/include -MMD -MP -MF"src/helloworld.d" -MT"src/helloworld.o" -o "src/helloworld.o" "../src/helloworld.c"
../src/helloworld.c: In function 'main':
../src/helloworld.c:202:7: warning: implicit declaration of function 'delay' [-Wimplicit-function-declaration]
       delay(2000);
       ^~~~~
'Finished building: ../src/helloworld.c'
' '
'Building target: GPIO_Interrupt.elf'
'Invoking: ARM v7 gcc linker'
arm-none-eabi-gcc -mcpu=cortex-a9 -mfpu=vfpv3 -mfloat-abi=hard -Wl,-build-id=none -specs=Xilinx.spec -Wl,-T -Wl,../src/lscript.ld -L../../GPIO_Interrupt_bsp/ps7_cortexa9_0/lib -o "GPIO_Interrupt.elf"  ./src/helloworld.o ./src/platform.o   -Wl,--start-group,-lxil,-lgcc,-lc,--end-group
./src/helloworld.o: In function `main':
C:\Users\jason\Desktop\verilog_lab\soc_work\hw3\hw3\hw3.sdk\GPIO_Interrupt\Debug/../src/helloworld.c:202: undefined reference to `delay'
collect2.exe: error: ld returned 1 exit status
make: *** [GPIO_Interrupt.elf] Error 1
16:11:32 **** Auto Build of configuration Debug for project GPIO_Interrupt ****
make pre-build main-build 
a9-linaro-pre-build-step
' '
'Building file: ../src/helloworld.c'
'Invoking: ARM v7 gcc compiler'
arm-none-eabi-gcc -Wall -O0 -g3 -c -fmessage-length=0 -MT"src/helloworld.o" -mcpu=cortex-a9 -mfpu=vfpv3 -mfloat-abi=hard -I../../GPIO_Interrupt_bsp/ps7_cortexa9_0/include -MMD -MP -MF"src/helloworld.d" -MT"src/helloworld.o" -o "src/helloworld.o" "../src/helloworld.c"
'Finished building: ../src/helloworld.c'
' '
'Building target: GPIO_Interrupt.elf'
'Invoking: ARM v7 gcc linker'
arm-none-eabi-gcc -mcpu=cortex-a9 -mfpu=vfpv3 -mfloat-abi=hard -Wl,-build-id=none -specs=Xilinx.spec -Wl,-T -Wl,../src/lscript.ld -L../../GPIO_Interrupt_bsp/ps7_cortexa9_0/lib -o "GPIO_Interrupt.elf"  ./src/helloworld.o ./src/platform.o   -Wl,--start-group,-lxil,-lgcc,-lc,--end-group
'Finished building target: GPIO_Interrupt.elf'
' '
'Invoking: ARM v7 Print Size'
arm-none-eabi-size GPIO_Interrupt.elf  |tee "GPIO_Interrupt.elf.size"
   text	   data	    bss	    dec	    hex	filename
  76796	   4188	  23392	 104376	  197b8	GPIO_Interrupt.elf
'Finished building: GPIO_Interrupt.elf.size'
' '
16:11:36 **** Incremental Build of configuration Debug for project GPIO_Interrupt ****
make pre-build main-build 
a9-linaro-pre-build-step
' '
make: Nothing to be done for `main-build'.
14:13:32 **** Auto Build of configuration Debug for project GPIO_Interrupt ****
make pre-build main-build 
a9-linaro-pre-build-step
' '
'Building file: ../src/helloworld.c'
'Invoking: ARM v7 gcc compiler'
arm-none-eabi-gcc -Wall -O0 -g3 -c -fmessage-length=0 -MT"src/helloworld.o" -mcpu=cortex-a9 -mfpu=vfpv3 -mfloat-abi=hard -I../../GPIO_Interrupt_bsp/ps7_cortexa9_0/include -MMD -MP -MF"src/helloworld.d" -MT"src/helloworld.o" -o "src/helloworld.o" "../src/helloworld.c"
'Finished building: ../src/helloworld.c'
' '
'Building target: GPIO_Interrupt.elf'
'Invoking: ARM v7 gcc linker'
arm-none-eabi-gcc -mcpu=cortex-a9 -mfpu=vfpv3 -mfloat-abi=hard -Wl,-build-id=none -specs=Xilinx.spec -Wl,-T -Wl,../src/lscript.ld -L../../GPIO_Interrupt_bsp/ps7_cortexa9_0/lib -o "GPIO_Interrupt.elf"  ./src/helloworld.o ./src/platform.o   -Wl,--start-group,-lxil,-lgcc,-lc,--end-group
'Finished building target: GPIO_Interrupt.elf'
' '
'Invoking: ARM v7 Print Size'
arm-none-eabi-size GPIO_Interrupt.elf  |tee "GPIO_Interrupt.elf.size"
   text	   data	    bss	    dec	    hex	filename
  76796	   4188	  23392	 104376	  197b8	GPIO_Interrupt.elf
'Finished building: GPIO_Interrupt.elf.size'
' '
14:19:56 **** Auto Build of configuration Debug for project GPIO_Interrupt ****
make pre-build main-build 
a9-linaro-pre-build-step
' '
'Building file: ../src/helloworld.c'
'Invoking: ARM v7 gcc compiler'
arm-none-eabi-gcc -Wall -O0 -g3 -c -fmessage-length=0 -MT"src/helloworld.o" -mcpu=cortex-a9 -mfpu=vfpv3 -mfloat-abi=hard -I../../GPIO_Interrupt_bsp/ps7_cortexa9_0/include -MMD -MP -MF"src/helloworld.d" -MT"src/helloworld.o" -o "src/helloworld.o" "../src/helloworld.c"
'Finished building: ../src/helloworld.c'
' '
'Building target: GPIO_Interrupt.elf'
'Invoking: ARM v7 gcc linker'
arm-none-eabi-gcc -mcpu=cortex-a9 -mfpu=vfpv3 -mfloat-abi=hard -Wl,-build-id=none -specs=Xilinx.spec -Wl,-T -Wl,../src/lscript.ld -L../../GPIO_Interrupt_bsp/ps7_cortexa9_0/lib -o "GPIO_Interrupt.elf"  ./src/helloworld.o ./src/platform.o   -Wl,--start-group,-lxil,-lgcc,-lc,--end-group
'Finished building target: GPIO_Interrupt.elf'
' '
'Invoking: ARM v7 Print Size'
arm-none-eabi-size GPIO_Interrupt.elf  |tee "GPIO_Interrupt.elf.size"
   text	   data	    bss	    dec	    hex	filename
  76796	   4188	  23392	 104376	  197b8	GPIO_Interrupt.elf
'Finished building: GPIO_Interrupt.elf.size'
' '
14:22:40 **** Incremental Build of configuration Debug for project GPIO_Interrupt ****
make pre-build main-build 
a9-linaro-pre-build-step
' '
make: Nothing to be done for `main-build'.
14:26:09 **** Auto Build of configuration Debug for project GPIO_Interrupt ****
make pre-build main-build 
a9-linaro-pre-build-step
' '
'Building file: ../src/helloworld.c'
'Invoking: ARM v7 gcc compiler'
arm-none-eabi-gcc -Wall -O0 -g3 -c -fmessage-length=0 -MT"src/helloworld.o" -mcpu=cortex-a9 -mfpu=vfpv3 -mfloat-abi=hard -I../../GPIO_Interrupt_bsp/ps7_cortexa9_0/include -MMD -MP -MF"src/helloworld.d" -MT"src/helloworld.o" -o "src/helloworld.o" "../src/helloworld.c"
../src/helloworld.c: In function 'BTN_Intr_Handler':
../src/helloworld.c:97:2: warning: this 'if' clause does not guard... [-Wmisleading-indentation]
  if (btn_value != 1)
  ^~
../src/helloworld.c:99:3: note: ...this statement, but the latter is misleadingly indented as if it were guarded by the 'if'
   delay(500);
   ^~~~~
../src/helloworld.c:99:3: warning: implicit declaration of function 'delay' [-Wimplicit-function-declaration]
../src/helloworld.c:100:2: error: 'else' without a previous 'if'
  else
  ^~~~
../src/helloworld.c: At top level:
../src/helloworld.c:160:6: warning: conflicting types for 'delay'
 void delay(int dly)
      ^~~~~
../src/helloworld.c:99:3: note: previous implicit declaration of 'delay' was here
   delay(500);
   ^~~~~
make: *** [src/helloworld.o] Error 1
14:26:27 **** Auto Build of configuration Debug for project GPIO_Interrupt ****
make pre-build main-build 
a9-linaro-pre-build-step
' '
'Building file: ../src/helloworld.c'
'Invoking: ARM v7 gcc compiler'
arm-none-eabi-gcc -Wall -O0 -g3 -c -fmessage-length=0 -MT"src/helloworld.o" -mcpu=cortex-a9 -mfpu=vfpv3 -mfloat-abi=hard -I../../GPIO_Interrupt_bsp/ps7_cortexa9_0/include -MMD -MP -MF"src/helloworld.d" -MT"src/helloworld.o" -o "src/helloworld.o" "../src/helloworld.c"
'Finished building: ../src/helloworld.c'
' '
'Building target: GPIO_Interrupt.elf'
'Invoking: ARM v7 gcc linker'
arm-none-eabi-gcc -mcpu=cortex-a9 -mfpu=vfpv3 -mfloat-abi=hard -Wl,-build-id=none -specs=Xilinx.spec -Wl,-T -Wl,../src/lscript.ld -L../../GPIO_Interrupt_bsp/ps7_cortexa9_0/lib -o "GPIO_Interrupt.elf"  ./src/helloworld.o ./src/platform.o   -Wl,--start-group,-lxil,-lgcc,-lc,--end-group
'Finished building target: GPIO_Interrupt.elf'
' '
'Invoking: ARM v7 Print Size'
arm-none-eabi-size GPIO_Interrupt.elf  |tee "GPIO_Interrupt.elf.size"
   text	   data	    bss	    dec	    hex	filename
  76796	   4188	  23392	 104376	  197b8	GPIO_Interrupt.elf
'Finished building: GPIO_Interrupt.elf.size'
' '
14:26:39 **** Auto Build of configuration Debug for project GPIO_Interrupt ****
make pre-build main-build 
a9-linaro-pre-build-step
' '
'Building file: ../src/helloworld.c'
'Invoking: ARM v7 gcc compiler'
arm-none-eabi-gcc -Wall -O0 -g3 -c -fmessage-length=0 -MT"src/helloworld.o" -mcpu=cortex-a9 -mfpu=vfpv3 -mfloat-abi=hard -I../../GPIO_Interrupt_bsp/ps7_cortexa9_0/include -MMD -MP -MF"src/helloworld.d" -MT"src/helloworld.o" -o "src/helloworld.o" "../src/helloworld.c"
../src/helloworld.c: In function 'BTN_Intr_Handler':
../src/helloworld.c:97:2: warning: this 'if' clause does not guard... [-Wmisleading-indentation]
  if (btn_value != 1)
  ^~
../src/helloworld.c:99:3: note: ...this statement, but the latter is misleadingly indented as if it were guarded by the 'if'
   delay(500);
   ^~~~~
../src/helloworld.c:99:3: warning: implicit declaration of function 'delay' [-Wimplicit-function-declaration]
../src/helloworld.c:100:2: error: 'else' without a previous 'if'
  else
  ^~~~
../src/helloworld.c: At top level:
../src/helloworld.c:160:6: warning: conflicting types for 'delay'
 void delay(int dly)
      ^~~~~
../src/helloworld.c:99:3: note: previous implicit declaration of 'delay' was here
   delay(500);
   ^~~~~
make: *** [src/helloworld.o] Error 1
14:28:08 **** Auto Build of configuration Debug for project GPIO_Interrupt ****
make pre-build main-build 
a9-linaro-pre-build-step
' '
'Building file: ../src/helloworld.c'
'Invoking: ARM v7 gcc compiler'
arm-none-eabi-gcc -Wall -O0 -g3 -c -fmessage-length=0 -MT"src/helloworld.o" -mcpu=cortex-a9 -mfpu=vfpv3 -mfloat-abi=hard -I../../GPIO_Interrupt_bsp/ps7_cortexa9_0/include -MMD -MP -MF"src/helloworld.d" -MT"src/helloworld.o" -o "src/helloworld.o" "../src/helloworld.c"
../src/helloworld.c: In function 'BTN_Intr_Handler':
../src/helloworld.c:99:2: warning: this 'if' clause does not guard... [-Wmisleading-indentation]
  if (btn_value != 1)
  ^~
../src/helloworld.c:101:3: note: ...this statement, but the latter is misleadingly indented as if it were guarded by the 'if'
   XGpio_DiscreteWrite(&LEDInst, 1, led_data);
   ^~~~~~~~~~~~~~~~~~~
../src/helloworld.c:102:3: warning: implicit declaration of function 'delay' [-Wimplicit-function-declaration]
   delay(500);
   ^~~~~
../src/helloworld.c:103:2: error: 'else' without a previous 'if'
  else
  ^~~~
../src/helloworld.c:85:6: warning: unused variable 'flag' [-Wunused-variable]
  int flag;
      ^~~~
../src/helloworld.c: At top level:
../src/helloworld.c:163:6: warning: conflicting types for 'delay'
 void delay(int dly)
      ^~~~~
../src/helloworld.c:102:3: note: previous implicit declaration of 'delay' was here
   delay(500);
   ^~~~~
make: *** [src/helloworld.o] Error 1
14:30:18 **** Auto Build of configuration Debug for project GPIO_Interrupt ****
make pre-build main-build 
a9-linaro-pre-build-step
' '
'Building file: ../src/helloworld.c'
'Invoking: ARM v7 gcc compiler'
arm-none-eabi-gcc -Wall -O0 -g3 -c -fmessage-length=0 -MT"src/helloworld.o" -mcpu=cortex-a9 -mfpu=vfpv3 -mfloat-abi=hard -I../../GPIO_Interrupt_bsp/ps7_cortexa9_0/include -MMD -MP -MF"src/helloworld.d" -MT"src/helloworld.o" -o "src/helloworld.o" "../src/helloworld.c"
../src/helloworld.c: In function 'BTN_Intr_Handler':
../src/helloworld.c:106:3: warning: implicit declaration of function 'delay' [-Wimplicit-function-declaration]
   delay(500);
   ^~~~~
../src/helloworld.c:85:6: warning: variable 'flag' set but not used [-Wunused-but-set-variable]
  int flag;
      ^~~~
../src/helloworld.c: At top level:
../src/helloworld.c:168:6: warning: conflicting types for 'delay'
 void delay(int dly)
      ^~~~~
../src/helloworld.c:106:3: note: previous implicit declaration of 'delay' was here
   delay(500);
   ^~~~~
'Finished building: ../src/helloworld.c'
' '
'Building target: GPIO_Interrupt.elf'
'Invoking: ARM v7 gcc linker'
arm-none-eabi-gcc -mcpu=cortex-a9 -mfpu=vfpv3 -mfloat-abi=hard -Wl,-build-id=none -specs=Xilinx.spec -Wl,-T -Wl,../src/lscript.ld -L../../GPIO_Interrupt_bsp/ps7_cortexa9_0/lib -o "GPIO_Interrupt.elf"  ./src/helloworld.o ./src/platform.o   -Wl,--start-group,-lxil,-lgcc,-lc,--end-group
'Finished building target: GPIO_Interrupt.elf'
' '
'Invoking: ARM v7 Print Size'
arm-none-eabi-size GPIO_Interrupt.elf  |tee "GPIO_Interrupt.elf.size"
   text	   data	    bss	    dec	    hex	filename
  77056	   4188	  23392	 104636	  198bc	GPIO_Interrupt.elf
'Finished building: GPIO_Interrupt.elf.size'
' '
14:30:52 **** Auto Build of configuration Debug for project GPIO_Interrupt ****
make pre-build main-build 
a9-linaro-pre-build-step
' '
'Building file: ../src/helloworld.c'
'Invoking: ARM v7 gcc compiler'
arm-none-eabi-gcc -Wall -O0 -g3 -c -fmessage-length=0 -MT"src/helloworld.o" -mcpu=cortex-a9 -mfpu=vfpv3 -mfloat-abi=hard -I../../GPIO_Interrupt_bsp/ps7_cortexa9_0/include -MMD -MP -MF"src/helloworld.d" -MT"src/helloworld.o" -o "src/helloworld.o" "../src/helloworld.c"
../src/helloworld.c: In function 'BTN_Intr_Handler':
../src/helloworld.c:106:3: warning: implicit declaration of function 'delay' [-Wimplicit-function-declaration]
   delay(500);
   ^~~~~
../src/helloworld.c:111:3: error: expected ';' before 'led_data'
   led_data = 0;
   ^~~~~~~~
../src/helloworld.c:85:6: warning: variable 'flag' set but not used [-Wunused-but-set-variable]
  int flag;
      ^~~~
../src/helloworld.c: At top level:
../src/helloworld.c:172:6: warning: conflicting types for 'delay'
 void delay(int dly)
      ^~~~~
../src/helloworld.c:106:3: note: previous implicit declaration of 'delay' was here
   delay(500);
   ^~~~~
make: *** [src/helloworld.o] Error 1
14:31:07 **** Auto Build of configuration Debug for project GPIO_Interrupt ****
make pre-build main-build 
a9-linaro-pre-build-step
' '
'Building file: ../src/helloworld.c'
'Invoking: ARM v7 gcc compiler'
arm-none-eabi-gcc -Wall -O0 -g3 -c -fmessage-length=0 -MT"src/helloworld.o" -mcpu=cortex-a9 -mfpu=vfpv3 -mfloat-abi=hard -I../../GPIO_Interrupt_bsp/ps7_cortexa9_0/include -MMD -MP -MF"src/helloworld.d" -MT"src/helloworld.o" -o "src/helloworld.o" "../src/helloworld.c"
../src/helloworld.c: In function 'BTN_Intr_Handler':
../src/helloworld.c:106:3: warning: implicit declaration of function 'delay' [-Wimplicit-function-declaration]
   delay(500);
   ^~~~~
../src/helloworld.c:111:3: error: expected ';' before 'led_data'
   led_data = 0;
   ^~~~~~~~
../src/helloworld.c:85:6: warning: variable 'flag' set but not used [-Wunused-but-set-variable]
  int flag;
      ^~~~
../src/helloworld.c: At top level:
../src/helloworld.c:172:6: warning: conflicting types for 'delay'
 void delay(int dly)
      ^~~~~
../src/helloworld.c:106:3: note: previous implicit declaration of 'delay' was here
   delay(500);
   ^~~~~
make: *** [src/helloworld.o] Error 1
14:31:17 **** Auto Build of configuration Debug for project GPIO_Interrupt ****
make pre-build main-build 
a9-linaro-pre-build-step
' '
'Building file: ../src/helloworld.c'
'Invoking: ARM v7 gcc compiler'
arm-none-eabi-gcc -Wall -O0 -g3 -c -fmessage-length=0 -MT"src/helloworld.o" -mcpu=cortex-a9 -mfpu=vfpv3 -mfloat-abi=hard -I../../GPIO_Interrupt_bsp/ps7_cortexa9_0/include -MMD -MP -MF"src/helloworld.d" -MT"src/helloworld.o" -o "src/helloworld.o" "../src/helloworld.c"
../src/helloworld.c: In function 'BTN_Intr_Handler':
../src/helloworld.c:106:3: warning: implicit declaration of function 'delay' [-Wimplicit-function-declaration]
   delay(500);
   ^~~~~
../src/helloworld.c:85:6: warning: variable 'flag' set but not used [-Wunused-but-set-variable]
  int flag;
      ^~~~
../src/helloworld.c: At top level:
../src/helloworld.c:172:6: warning: conflicting types for 'delay'
 void delay(int dly)
      ^~~~~
../src/helloworld.c:106:3: note: previous implicit declaration of 'delay' was here
   delay(500);
   ^~~~~
'Finished building: ../src/helloworld.c'
' '
'Building target: GPIO_Interrupt.elf'
'Invoking: ARM v7 gcc linker'
arm-none-eabi-gcc -mcpu=cortex-a9 -mfpu=vfpv3 -mfloat-abi=hard -Wl,-build-id=none -specs=Xilinx.spec -Wl,-T -Wl,../src/lscript.ld -L../../GPIO_Interrupt_bsp/ps7_cortexa9_0/lib -o "GPIO_Interrupt.elf"  ./src/helloworld.o ./src/platform.o   -Wl,--start-group,-lxil,-lgcc,-lc,--end-group
'Finished building target: GPIO_Interrupt.elf'
' '
'Invoking: ARM v7 Print Size'
arm-none-eabi-size GPIO_Interrupt.elf  |tee "GPIO_Interrupt.elf.size"
   text	   data	    bss	    dec	    hex	filename
  77056	   4188	  23392	 104636	  198bc	GPIO_Interrupt.elf
'Finished building: GPIO_Interrupt.elf.size'
' '
14:32:18 **** Auto Build of configuration Debug for project GPIO_Interrupt ****
make pre-build main-build 
a9-linaro-pre-build-step
' '
'Building file: ../src/helloworld.c'
'Invoking: ARM v7 gcc compiler'
arm-none-eabi-gcc -Wall -O0 -g3 -c -fmessage-length=0 -MT"src/helloworld.o" -mcpu=cortex-a9 -mfpu=vfpv3 -mfloat-abi=hard -I../../GPIO_Interrupt_bsp/ps7_cortexa9_0/include -MMD -MP -MF"src/helloworld.d" -MT"src/helloworld.o" -o "src/helloworld.o" "../src/helloworld.c"
../src/helloworld.c: In function 'BTN_Intr_Handler':
../src/helloworld.c:106:3: warning: implicit declaration of function 'delay' [-Wimplicit-function-declaration]
   delay(500);
   ^~~~~
../src/helloworld.c: At top level:
../src/helloworld.c:175:6: warning: conflicting types for 'delay'
 void delay(int dly)
      ^~~~~
../src/helloworld.c:106:3: note: previous implicit declaration of 'delay' was here
   delay(500);
   ^~~~~
'Finished building: ../src/helloworld.c'
' '
'Building target: GPIO_Interrupt.elf'
'Invoking: ARM v7 gcc linker'
arm-none-eabi-gcc -mcpu=cortex-a9 -mfpu=vfpv3 -mfloat-abi=hard -Wl,-build-id=none -specs=Xilinx.spec -Wl,-T -Wl,../src/lscript.ld -L../../GPIO_Interrupt_bsp/ps7_cortexa9_0/lib -o "GPIO_Interrupt.elf"  ./src/helloworld.o ./src/platform.o   -Wl,--start-group,-lxil,-lgcc,-lc,--end-group
'Finished building target: GPIO_Interrupt.elf'
' '
'Invoking: ARM v7 Print Size'
arm-none-eabi-size GPIO_Interrupt.elf  |tee "GPIO_Interrupt.elf.size"
   text	   data	    bss	    dec	    hex	filename
  77056	   4188	  23392	 104636	  198bc	GPIO_Interrupt.elf
'Finished building: GPIO_Interrupt.elf.size'
' '
14:32:26 **** Incremental Build of configuration Debug for project GPIO_Interrupt ****
make pre-build main-build 
a9-linaro-pre-build-step
' '
make: Nothing to be done for `main-build'.
14:34:20 **** Auto Build of configuration Debug for project GPIO_Interrupt ****
make pre-build main-build 
a9-linaro-pre-build-step
' '
'Building file: ../src/helloworld.c'
'Invoking: ARM v7 gcc compiler'
arm-none-eabi-gcc -Wall -O0 -g3 -c -fmessage-length=0 -MT"src/helloworld.o" -mcpu=cortex-a9 -mfpu=vfpv3 -mfloat-abi=hard -I../../GPIO_Interrupt_bsp/ps7_cortexa9_0/include -MMD -MP -MF"src/helloworld.d" -MT"src/helloworld.o" -o "src/helloworld.o" "../src/helloworld.c"
../src/helloworld.c: In function 'BTN_Intr_Handler':
../src/helloworld.c:106:3: warning: implicit declaration of function 'delay' [-Wimplicit-function-declaration]
   delay(200);
   ^~~~~
../src/helloworld.c: At top level:
../src/helloworld.c:175:6: warning: conflicting types for 'delay'
 void delay(int dly)
      ^~~~~
../src/helloworld.c:106:3: note: previous implicit declaration of 'delay' was here
   delay(200);
   ^~~~~
'Finished building: ../src/helloworld.c'
' '
'Building target: GPIO_Interrupt.elf'
'Invoking: ARM v7 gcc linker'
arm-none-eabi-gcc -mcpu=cortex-a9 -mfpu=vfpv3 -mfloat-abi=hard -Wl,-build-id=none -specs=Xilinx.spec -Wl,-T -Wl,../src/lscript.ld -L../../GPIO_Interrupt_bsp/ps7_cortexa9_0/lib -o "GPIO_Interrupt.elf"  ./src/helloworld.o ./src/platform.o   -Wl,--start-group,-lxil,-lgcc,-lc,--end-group
'Finished building target: GPIO_Interrupt.elf'
' '
'Invoking: ARM v7 Print Size'
arm-none-eabi-size GPIO_Interrupt.elf  |tee "GPIO_Interrupt.elf.size"
   text	   data	    bss	    dec	    hex	filename
  77056	   4188	  23392	 104636	  198bc	GPIO_Interrupt.elf
'Finished building: GPIO_Interrupt.elf.size'
' '
14:34:26 **** Auto Build of configuration Debug for project GPIO_Interrupt ****
make pre-build main-build 
a9-linaro-pre-build-step
' '
'Building file: ../src/helloworld.c'
'Invoking: ARM v7 gcc compiler'
arm-none-eabi-gcc -Wall -O0 -g3 -c -fmessage-length=0 -MT"src/helloworld.o" -mcpu=cortex-a9 -mfpu=vfpv3 -mfloat-abi=hard -I../../GPIO_Interrupt_bsp/ps7_cortexa9_0/include -MMD -MP -MF"src/helloworld.d" -MT"src/helloworld.o" -o "src/helloworld.o" "../src/helloworld.c"
../src/helloworld.c: In function 'BTN_Intr_Handler':
../src/helloworld.c:106:3: warning: implicit declaration of function 'delay' [-Wimplicit-function-declaration]
   delay(200);
   ^~~~~
../src/helloworld.c: At top level:
../src/helloworld.c:175:6: warning: conflicting types for 'delay'
 void delay(int dly)
      ^~~~~
../src/helloworld.c:106:3: note: previous implicit declaration of 'delay' was here
   delay(200);
   ^~~~~
'Finished building: ../src/helloworld.c'
' '
'Building target: GPIO_Interrupt.elf'
'Invoking: ARM v7 gcc linker'
arm-none-eabi-gcc -mcpu=cortex-a9 -mfpu=vfpv3 -mfloat-abi=hard -Wl,-build-id=none -specs=Xilinx.spec -Wl,-T -Wl,../src/lscript.ld -L../../GPIO_Interrupt_bsp/ps7_cortexa9_0/lib -o "GPIO_Interrupt.elf"  ./src/helloworld.o ./src/platform.o   -Wl,--start-group,-lxil,-lgcc,-lc,--end-group
'Finished building target: GPIO_Interrupt.elf'
' '
'Invoking: ARM v7 Print Size'
arm-none-eabi-size GPIO_Interrupt.elf  |tee "GPIO_Interrupt.elf.size"
   text	   data	    bss	    dec	    hex	filename
  77056	   4188	  23392	 104636	  198bc	GPIO_Interrupt.elf
'Finished building: GPIO_Interrupt.elf.size'
' '
14:34:29 **** Incremental Build of configuration Debug for project GPIO_Interrupt ****
make pre-build main-build 
a9-linaro-pre-build-step
' '
make: Nothing to be done for `main-build'.
14:34:51 **** Auto Build of configuration Debug for project GPIO_Interrupt ****
make pre-build main-build 
a9-linaro-pre-build-step
' '
'Building file: ../src/helloworld.c'
'Invoking: ARM v7 gcc compiler'
arm-none-eabi-gcc -Wall -O0 -g3 -c -fmessage-length=0 -MT"src/helloworld.o" -mcpu=cortex-a9 -mfpu=vfpv3 -mfloat-abi=hard -I../../GPIO_Interrupt_bsp/ps7_cortexa9_0/include -MMD -MP -MF"src/helloworld.d" -MT"src/helloworld.o" -o "src/helloworld.o" "../src/helloworld.c"
../src/helloworld.c: In function 'BTN_Intr_Handler':
../src/helloworld.c:106:3: warning: implicit declaration of function 'delay' [-Wimplicit-function-declaration]
   delay(100);
   ^~~~~
../src/helloworld.c: At top level:
../src/helloworld.c:175:6: warning: conflicting types for 'delay'
 void delay(int dly)
      ^~~~~
../src/helloworld.c:106:3: note: previous implicit declaration of 'delay' was here
   delay(100);
   ^~~~~
'Finished building: ../src/helloworld.c'
' '
'Building target: GPIO_Interrupt.elf'
'Invoking: ARM v7 gcc linker'
arm-none-eabi-gcc -mcpu=cortex-a9 -mfpu=vfpv3 -mfloat-abi=hard -Wl,-build-id=none -specs=Xilinx.spec -Wl,-T -Wl,../src/lscript.ld -L../../GPIO_Interrupt_bsp/ps7_cortexa9_0/lib -o "GPIO_Interrupt.elf"  ./src/helloworld.o ./src/platform.o   -Wl,--start-group,-lxil,-lgcc,-lc,--end-group
'Finished building target: GPIO_Interrupt.elf'
' '
'Invoking: ARM v7 Print Size'
arm-none-eabi-size GPIO_Interrupt.elf  |tee "GPIO_Interrupt.elf.size"
   text	   data	    bss	    dec	    hex	filename
  77056	   4188	  23392	 104636	  198bc	GPIO_Interrupt.elf
'Finished building: GPIO_Interrupt.elf.size'
' '
14:34:57 **** Incremental Build of configuration Debug for project GPIO_Interrupt ****
make pre-build main-build 
a9-linaro-pre-build-step
' '
make: Nothing to be done for `main-build'.
14:35:38 **** Auto Build of configuration Debug for project GPIO_Interrupt ****
make pre-build main-build 
a9-linaro-pre-build-step
' '
'Building file: ../src/helloworld.c'
'Invoking: ARM v7 gcc compiler'
arm-none-eabi-gcc -Wall -O0 -g3 -c -fmessage-length=0 -MT"src/helloworld.o" -mcpu=cortex-a9 -mfpu=vfpv3 -mfloat-abi=hard -I../../GPIO_Interrupt_bsp/ps7_cortexa9_0/include -MMD -MP -MF"src/helloworld.d" -MT"src/helloworld.o" -o "src/helloworld.o" "../src/helloworld.c"
../src/helloworld.c: In function 'BTN_Intr_Handler':
../src/helloworld.c:106:3: warning: implicit declaration of function 'delay' [-Wimplicit-function-declaration]
   delay(100);
   ^~~~~
../src/helloworld.c: At top level:
../src/helloworld.c:175:6: warning: conflicting types for 'delay'
 void delay(int dly)
      ^~~~~
../src/helloworld.c:106:3: note: previous implicit declaration of 'delay' was here
   delay(100);
   ^~~~~
'Finished building: ../src/helloworld.c'
' '
'Building target: GPIO_Interrupt.elf'
'Invoking: ARM v7 gcc linker'
arm-none-eabi-gcc -mcpu=cortex-a9 -mfpu=vfpv3 -mfloat-abi=hard -Wl,-build-id=none -specs=Xilinx.spec -Wl,-T -Wl,../src/lscript.ld -L../../GPIO_Interrupt_bsp/ps7_cortexa9_0/lib -o "GPIO_Interrupt.elf"  ./src/helloworld.o ./src/platform.o   -Wl,--start-group,-lxil,-lgcc,-lc,--end-group
'Finished building target: GPIO_Interrupt.elf'
' '
'Invoking: ARM v7 Print Size'
arm-none-eabi-size GPIO_Interrupt.elf  |tee "GPIO_Interrupt.elf.size"
   text	   data	    bss	    dec	    hex	filename
  77056	   4188	  23392	 104636	  198bc	GPIO_Interrupt.elf
'Finished building: GPIO_Interrupt.elf.size'
' '
14:35:49 **** Incremental Build of configuration Debug for project GPIO_Interrupt ****
make pre-build main-build 
a9-linaro-pre-build-step
' '
make: Nothing to be done for `main-build'.
14:35:50 **** Incremental Build of configuration Debug for project GPIO_Interrupt ****
make pre-build main-build 
a9-linaro-pre-build-step
' '
make: Nothing to be done for `main-build'.
14:35:58 **** Incremental Build of configuration Debug for project GPIO_Interrupt ****
make pre-build main-build 
a9-linaro-pre-build-step
' '
make: Nothing to be done for `main-build'.
14:36:21 **** Incremental Build of configuration Debug for project GPIO_Interrupt ****
make pre-build main-build 
a9-linaro-pre-build-step
' '
make: Nothing to be done for `main-build'.
14:36:47 **** Auto Build of configuration Debug for project GPIO_Interrupt ****
make pre-build main-build 
a9-linaro-pre-build-step
' '
'Building file: ../src/helloworld.c'
'Invoking: ARM v7 gcc compiler'
arm-none-eabi-gcc -Wall -O0 -g3 -c -fmessage-length=0 -MT"src/helloworld.o" -mcpu=cortex-a9 -mfpu=vfpv3 -mfloat-abi=hard -I../../GPIO_Interrupt_bsp/ps7_cortexa9_0/include -MMD -MP -MF"src/helloworld.d" -MT"src/helloworld.o" -o "src/helloworld.o" "../src/helloworld.c"
../src/helloworld.c: In function 'BTN_Intr_Handler':
../src/helloworld.c:106:3: warning: implicit declaration of function 'delay' [-Wimplicit-function-declaration]
   delay(200);
   ^~~~~
../src/helloworld.c: At top level:
../src/helloworld.c:175:6: warning: conflicting types for 'delay'
 void delay(int dly)
      ^~~~~
../src/helloworld.c:106:3: note: previous implicit declaration of 'delay' was here
   delay(200);
   ^~~~~
'Finished building: ../src/helloworld.c'
' '
'Building target: GPIO_Interrupt.elf'
'Invoking: ARM v7 gcc linker'
arm-none-eabi-gcc -mcpu=cortex-a9 -mfpu=vfpv3 -mfloat-abi=hard -Wl,-build-id=none -specs=Xilinx.spec -Wl,-T -Wl,../src/lscript.ld -L../../GPIO_Interrupt_bsp/ps7_cortexa9_0/lib -o "GPIO_Interrupt.elf"  ./src/helloworld.o ./src/platform.o   -Wl,--start-group,-lxil,-lgcc,-lc,--end-group
'Finished building target: GPIO_Interrupt.elf'
' '
'Invoking: ARM v7 Print Size'
arm-none-eabi-size GPIO_Interrupt.elf  |tee "GPIO_Interrupt.elf.size"
   text	   data	    bss	    dec	    hex	filename
  77056	   4188	  23392	 104636	  198bc	GPIO_Interrupt.elf
'Finished building: GPIO_Interrupt.elf.size'
' '
14:36:51 **** Incremental Build of configuration Debug for project GPIO_Interrupt ****
make pre-build main-build 
a9-linaro-pre-build-step
' '
make: Nothing to be done for `main-build'.
14:37:36 **** Auto Build of configuration Debug for project GPIO_Interrupt ****
make pre-build main-build 
a9-linaro-pre-build-step
' '
'Building file: ../src/helloworld.c'
'Invoking: ARM v7 gcc compiler'
arm-none-eabi-gcc -Wall -O0 -g3 -c -fmessage-length=0 -MT"src/helloworld.o" -mcpu=cortex-a9 -mfpu=vfpv3 -mfloat-abi=hard -I../../GPIO_Interrupt_bsp/ps7_cortexa9_0/include -MMD -MP -MF"src/helloworld.d" -MT"src/helloworld.o" -o "src/helloworld.o" "../src/helloworld.c"
../src/helloworld.c: In function 'BTN_Intr_Handler':
../src/helloworld.c:106:3: warning: implicit declaration of function 'delay' [-Wimplicit-function-declaration]
   delay(500);
   ^~~~~
../src/helloworld.c: At top level:
../src/helloworld.c:175:6: warning: conflicting types for 'delay'
 void delay(int dly)
      ^~~~~
../src/helloworld.c:106:3: note: previous implicit declaration of 'delay' was here
   delay(500);
   ^~~~~
'Finished building: ../src/helloworld.c'
' '
'Building target: GPIO_Interrupt.elf'
'Invoking: ARM v7 gcc linker'
arm-none-eabi-gcc -mcpu=cortex-a9 -mfpu=vfpv3 -mfloat-abi=hard -Wl,-build-id=none -specs=Xilinx.spec -Wl,-T -Wl,../src/lscript.ld -L../../GPIO_Interrupt_bsp/ps7_cortexa9_0/lib -o "GPIO_Interrupt.elf"  ./src/helloworld.o ./src/platform.o   -Wl,--start-group,-lxil,-lgcc,-lc,--end-group
'Finished building target: GPIO_Interrupt.elf'
' '
'Invoking: ARM v7 Print Size'
arm-none-eabi-size GPIO_Interrupt.elf  |tee "GPIO_Interrupt.elf.size"
   text	   data	    bss	    dec	    hex	filename
  77056	   4188	  23392	 104636	  198bc	GPIO_Interrupt.elf
'Finished building: GPIO_Interrupt.elf.size'
' '
14:37:40 **** Incremental Build of configuration Debug for project GPIO_Interrupt ****
make pre-build main-build 
a9-linaro-pre-build-step
' '
make: Nothing to be done for `main-build'.
14:38:21 **** Auto Build of configuration Debug for project GPIO_Interrupt ****
make pre-build main-build 
a9-linaro-pre-build-step
' '
'Building file: ../src/helloworld.c'
'Invoking: ARM v7 gcc compiler'
arm-none-eabi-gcc -Wall -O0 -g3 -c -fmessage-length=0 -MT"src/helloworld.o" -mcpu=cortex-a9 -mfpu=vfpv3 -mfloat-abi=hard -I../../GPIO_Interrupt_bsp/ps7_cortexa9_0/include -MMD -MP -MF"src/helloworld.d" -MT"src/helloworld.o" -o "src/helloworld.o" "../src/helloworld.c"
../src/helloworld.c: In function 'BTN_Intr_Handler':
../src/helloworld.c:103:3: warning: implicit declaration of function 'delay' [-Wimplicit-function-declaration]
   delay(500);
   ^~~~~
../src/helloworld.c: At top level:
../src/helloworld.c:172:6: warning: conflicting types for 'delay'
 void delay(int dly)
      ^~~~~
../src/helloworld.c:103:3: note: previous implicit declaration of 'delay' was here
   delay(500);
   ^~~~~
'Finished building: ../src/helloworld.c'
' '
'Building target: GPIO_Interrupt.elf'
'Invoking: ARM v7 gcc linker'
arm-none-eabi-gcc -mcpu=cortex-a9 -mfpu=vfpv3 -mfloat-abi=hard -Wl,-build-id=none -specs=Xilinx.spec -Wl,-T -Wl,../src/lscript.ld -L../../GPIO_Interrupt_bsp/ps7_cortexa9_0/lib -o "GPIO_Interrupt.elf"  ./src/helloworld.o ./src/platform.o   -Wl,--start-group,-lxil,-lgcc,-lc,--end-group
'Finished building target: GPIO_Interrupt.elf'
' '
'Invoking: ARM v7 Print Size'
arm-none-eabi-size GPIO_Interrupt.elf  |tee "GPIO_Interrupt.elf.size"
   text	   data	    bss	    dec	    hex	filename
  77056	   4188	  23392	 104636	  198bc	GPIO_Interrupt.elf
'Finished building: GPIO_Interrupt.elf.size'
' '
14:38:28 **** Auto Build of configuration Debug for project GPIO_Interrupt ****
make pre-build main-build 
a9-linaro-pre-build-step
' '
'Building file: ../src/helloworld.c'
'Invoking: ARM v7 gcc compiler'
arm-none-eabi-gcc -Wall -O0 -g3 -c -fmessage-length=0 -MT"src/helloworld.o" -mcpu=cortex-a9 -mfpu=vfpv3 -mfloat-abi=hard -I../../GPIO_Interrupt_bsp/ps7_cortexa9_0/include -MMD -MP -MF"src/helloworld.d" -MT"src/helloworld.o" -o "src/helloworld.o" "../src/helloworld.c"
../src/helloworld.c: In function 'BTN_Intr_Handler':
[...]
"Running Make include in ps7_cortexa9_0/libsrc/ddrps_v1_0/src"
make -C ps7_cortexa9_0/libsrc/ddrps_v1_0/src -s include  "SHELL=CMD" "COMPILER=arm-none-eabi-gcc" "ARCHIVER=arm-none-eabi-ar" "COMPILER_FLAGS=  -O2 -c" "EXTRA_COMPILER_FLAGS=-mcpu=cortex-a9 -mfpu=vfpv3 -mfloat-abi=hard -nostartfiles -g -Wall -Wextra"
"Running Make include in ps7_cortexa9_0/libsrc/devcfg_v3_5/src"
make -C ps7_cortexa9_0/libsrc/devcfg_v3_5/src -s include  "SHELL=CMD" "COMPILER=arm-none-eabi-gcc" "ARCHIVER=arm-none-eabi-ar" "COMPILER_FLAGS=  -O2 -c" "EXTRA_COMPILER_FLAGS=-mcpu=cortex-a9 -mfpu=vfpv3 -mfloat-abi=hard -nostartfiles -g -Wall -Wextra"
"Running Make include in ps7_cortexa9_0/libsrc/dmaps_v2_3/src"
make -C ps7_cortexa9_0/libsrc/dmaps_v2_3/src -s include  "SHELL=CMD" "COMPILER=arm-none-eabi-gcc" "ARCHIVER=arm-none-eabi-ar" "COMPILER_FLAGS=  -O2 -c" "EXTRA_COMPILER_FLAGS=-mcpu=cortex-a9 -mfpu=vfpv3 -mfloat-abi=hard -nostartfiles -g -Wall -Wextra"
"Running Make include in ps7_cortexa9_0/libsrc/emacps_v3_7/src"
make -C ps7_cortexa9_0/libsrc/emacps_v3_7/src -s include  "SHELL=CMD" "COMPILER=arm-none-eabi-gcc" "ARCHIVER=arm-none-eabi-ar" "COMPILER_FLAGS=  -O2 -c" "EXTRA_COMPILER_FLAGS=-mcpu=cortex-a9 -mfpu=vfpv3 -mfloat-abi=hard -nostartfiles -g -Wall -Wextra"
"Running Make include in ps7_cortexa9_0/libsrc/gpio_v4_3/src"
make -C ps7_cortexa9_0/libsrc/gpio_v4_3/src -s include  "SHELL=CMD" "COMPILER=arm-none-eabi-gcc" "ARCHIVER=arm-none-eabi-ar" "COMPILER_FLAGS=  -O2 -c" "EXTRA_COMPILER_FLAGS=-mcpu=cortex-a9 -mfpu=vfpv3 -mfloat-abi=hard -nostartfiles -g -Wall -Wextra"
"Running Make include in ps7_cortexa9_0/libsrc/qspips_v3_4/src"
make -C ps7_cortexa9_0/libsrc/qspips_v3_4/src -s include  "SHELL=CMD" "COMPILER=arm-none-eabi-gcc" "ARCHIVER=arm-none-eabi-ar" "COMPILER_FLAGS=  -O2 -c" "EXTRA_COMPILER_FLAGS=-mcpu=cortex-a9 -mfpu=vfpv3 -mfloat-abi=hard -nostartfiles -g -Wall -Wextra"
"Running Make include in ps7_cortexa9_0/libsrc/scugic_v3_9/src"
make -C ps7_cortexa9_0/libsrc/scugic_v3_9/src -s include  "SHELL=CMD" "COMPILER=arm-none-eabi-gcc" "ARCHIVER=arm-none-eabi-ar" "COMPILER_FLAGS=  -O2 -c" "EXTRA_COMPILER_FLAGS=-mcpu=cortex-a9 -mfpu=vfpv3 -mfloat-abi=hard -nostartfiles -g -Wall -Wextra"
"Running Make include in ps7_cortexa9_0/libsrc/scutimer_v2_1/src"
make -C ps7_cortexa9_0/libsrc/scutimer_v2_1/src -s include  "SHELL=CMD" "COMPILER=arm-none-eabi-gcc" "ARCHIVER=arm-none-eabi-ar" "COMPILER_FLAGS=  -O2 -c" "EXTRA_COMPILER_FLAGS=-mcpu=cortex-a9 -mfpu=vfpv3 -mfloat-abi=hard -nostartfiles -g -Wall -Wextra"
"Running Make include in ps7_cortexa9_0/libsrc/scuwdt_v2_1/src"
make -C ps7_cortexa9_0/libsrc/scuwdt_v2_1/src -s include  "SHELL=CMD" "COMPILER=arm-none-eabi-gcc" "ARCHIVER=arm-none-eabi-ar" "COMPILER_FLAGS=  -O2 -c" "EXTRA_COMPILER_FLAGS=-mcpu=cortex-a9 -mfpu=vfpv3 -mfloat-abi=hard -nostartfiles -g -Wall -Wextra"
"Running Make include in ps7_cortexa9_0/libsrc/sdps_v3_5/src"
make -C ps7_cortexa9_0/libsrc/sdps_v3_5/src -s include  "SHELL=CMD" "COMPILER=arm-none-eabi-gcc" "ARCHIVER=arm-none-eabi-ar" "COMPILER_FLAGS=  -O2 -c" "EXTRA_COMPILER_FLAGS=-mcpu=cortex-a9 -mfpu=vfpv3 -mfloat-abi=hard -nostartfiles -g -Wall -Wextra"
"Running Make include in ps7_cortexa9_0/libsrc/standalone_v6_7/src"
make -C ps7_cortexa9_0/libsrc/standalone_v6_7/src -s include  "SHELL=CMD" "COMPILER=arm-none-eabi-gcc" "ARCHIVER=arm-none-eabi-ar" "COMPILER_FLAGS=  -O2 -c" "EXTRA_COMPILER_FLAGS=-mcpu=cortex-a9 -mfpu=vfpv3 -mfloat-abi=hard -nostartfiles -g -Wall -Wextra"
"Running Make include in ps7_cortexa9_0/libsrc/uartps_v3_6/src"
make -C ps7_cortexa9_0/libsrc/uartps_v3_6/src -s include  "SHELL=CMD" "COMPILER=arm-none-eabi-gcc" "ARCHIVER=arm-none-eabi-ar" "COMPILER_FLAGS=  -O2 -c" "EXTRA_COMPILER_FLAGS=-mcpu=cortex-a9 -mfpu=vfpv3 -mfloat-abi=hard -nostartfiles -g -Wall -Wextra"
"Running Make include in ps7_cortexa9_0/libsrc/usbps_v2_4/src"
make -C ps7_cortexa9_0/libsrc/usbps_v2_4/src -s include  "SHELL=CMD" "COMPILER=arm-none-eabi-gcc" "ARCHIVER=arm-none-eabi-ar" "COMPILER_FLAGS=  -O2 -c" "EXTRA_COMPILER_FLAGS=-mcpu=cortex-a9 -mfpu=vfpv3 -mfloat-abi=hard -nostartfiles -g -Wall -Wextra"
"Running Make include in ps7_cortexa9_0/libsrc/wdtps_v3_0/src"
make -C ps7_cortexa9_0/libsrc/wdtps_v3_0/src -s include  "SHELL=CMD" "COMPILER=arm-none-eabi-gcc" "ARCHIVER=arm-none-eabi-ar" "COMPILER_FLAGS=  -O2 -c" "EXTRA_COMPILER_FLAGS=-mcpu=cortex-a9 -mfpu=vfpv3 -mfloat-abi=hard -nostartfiles -g -Wall -Wextra"
"Running Make include in ps7_cortexa9_0/libsrc/xadcps_v2_2/src"
make -C ps7_cortexa9_0/libsrc/xadcps_v2_2/src -s include  "SHELL=CMD" "COMPILER=arm-none-eabi-gcc" "ARCHIVER=arm-none-eabi-ar" "COMPILER_FLAGS=  -O2 -c" "EXTRA_COMPILER_FLAGS=-mcpu=cortex-a9 -mfpu=vfpv3 -mfloat-abi=hard -nostartfiles -g -Wall -Wextra"
"Running Make libs in ps7_cortexa9_0/libsrc/coresightps_dcc_v1_4/src"
make -C ps7_cortexa9_0/libsrc/coresightps_dcc_v1_4/src -s libs  "SHELL=CMD" "COMPILER=arm-none-eabi-gcc" "ARCHIVER=arm-none-eabi-ar" "COMPILER_FLAGS=  -O2 -c" "EXTRA_COMPILER_FLAGS=-mcpu=cortex-a9 -mfpu=vfpv3 -mfloat-abi=hard -nostartfiles -g -Wall -Wextra"
"Compiling coresightps_dcc"
"Running Make libs in ps7_cortexa9_0/libsrc/cpu_cortexa9_v2_6/src"
make -C ps7_cortexa9_0/libsrc/cpu_cortexa9_v2_6/src -s libs  "SHELL=CMD" "COMPILER=arm-none-eabi-gcc" "ARCHIVER=arm-none-eabi-ar" "COMPILER_FLAGS=  -O2 -c" "EXTRA_COMPILER_FLAGS=-mcpu=cortex-a9 -mfpu=vfpv3 -mfloat-abi=hard -nostartfiles -g -Wall -Wextra"
"Compiling cpu_cortexa9"
"Running Make libs in ps7_cortexa9_0/libsrc/ddrps_v1_0/src"
make -C ps7_cortexa9_0/libsrc/ddrps_v1_0/src -s libs  "SHELL=CMD" "COMPILER=arm-none-eabi-gcc" "ARCHIVER=arm-none-eabi-ar" "COMPILER_FLAGS=  -O2 -c" "EXTRA_COMPILER_FLAGS=-mcpu=cortex-a9 -mfpu=vfpv3 -mfloat-abi=hard -nostartfiles -g -Wall -Wextra"
"Compiling ddrps"
"Running Make libs in ps7_cortexa9_0/libsrc/devcfg_v3_5/src"
make -C ps7_cortexa9_0/libsrc/devcfg_v3_5/src -s libs  "SHELL=CMD" "COMPILER=arm-none-eabi-gcc" "ARCHIVER=arm-none-eabi-ar" "COMPILER_FLAGS=  -O2 -c" "EXTRA_COMPILER_FLAGS=-mcpu=cortex-a9 -mfpu=vfpv3 -mfloat-abi=hard -nostartfiles -g -Wall -Wextra"
"Compiling devcfg"
"Running Make libs in ps7_cortexa9_0/libsrc/dmaps_v2_3/src"
make -C ps7_cortexa9_0/libsrc/dmaps_v2_3/src -s libs  "SHELL=CMD" "COMPILER=arm-none-eabi-gcc" "ARCHIVER=arm-none-eabi-ar" "COMPILER_FLAGS=  -O2 -c" "EXTRA_COMPILER_FLAGS=-mcpu=cortex-a9 -mfpu=vfpv3 -mfloat-abi=hard -nostartfiles -g -Wall -Wextra"
"Compiling dmaps"
"Running Make libs in ps7_cortexa9_0/libsrc/emacps_v3_7/src"
make -C ps7_cortexa9_0/libsrc/emacps_v3_7/src -s libs  "SHELL=CMD" "COMPILER=arm-none-eabi-gcc" "ARCHIVER=arm-none-eabi-ar" "COMPILER_FLAGS=  -O2 -c" "EXTRA_COMPILER_FLAGS=-mcpu=cortex-a9 -mfpu=vfpv3 -mfloat-abi=hard -nostartfiles -g -Wall -Wextra"
"Compiling emacps"
"Running Make libs in ps7_cortexa9_0/libsrc/gpio_v4_3/src"
make -C ps7_cortexa9_0/libsrc/gpio_v4_3/src -s libs  "SHELL=CMD" "COMPILER=arm-none-eabi-gcc" "ARCHIVER=arm-none-eabi-ar" "COMPILER_FLAGS=  -O2 -c" "EXTRA_COMPILER_FLAGS=-mcpu=cortex-a9 -mfpu=vfpv3 -mfloat-abi=hard -nostartfiles -g -Wall -Wextra"
"Compiling gpio"
"Running Make libs in ps7_cortexa9_0/libsrc/qspips_v3_4/src"
make -C ps7_cortexa9_0/libsrc/qspips_v3_4/src -s libs  "SHELL=CMD" "COMPILER=arm-none-eabi-gcc" "ARCHIVER=arm-none-eabi-ar" "COMPILER_FLAGS=  -O2 -c" "EXTRA_COMPILER_FLAGS=-mcpu=cortex-a9 -mfpu=vfpv3 -mfloat-abi=hard -nostartfiles -g -Wall -Wextra"
"Compiling qspips"
"Running Make libs in ps7_cortexa9_0/libsrc/scugic_v3_9/src"
make -C ps7_cortexa9_0/libsrc/scugic_v3_9/src -s libs  "SHELL=CMD" "COMPILER=arm-none-eabi-gcc" "ARCHIVER=arm-none-eabi-ar" "COMPILER_FLAGS=  -O2 -c" "EXTRA_COMPILER_FLAGS=-mcpu=cortex-a9 -mfpu=vfpv3 -mfloat-abi=hard -nostartfiles -g -Wall -Wextra"
"Compiling scugic"
"Running Make libs in ps7_cortexa9_0/libsrc/scutimer_v2_1/src"
make -C ps7_cortexa9_0/libsrc/scutimer_v2_1/src -s libs  "SHELL=CMD" "COMPILER=arm-none-eabi-gcc" "ARCHIVER=arm-none-eabi-ar" "COMPILER_FLAGS=  -O2 -c" "EXTRA_COMPILER_FLAGS=-mcpu=cortex-a9 -mfpu=vfpv3 -mfloat-abi=hard -nostartfiles -g -Wall -Wextra"
"Compiling scutimer"
"Running Make libs in ps7_cortexa9_0/libsrc/scuwdt_v2_1/src"
make -C ps7_cortexa9_0/libsrc/scuwdt_v2_1/src -s libs  "SHELL=CMD" "COMPILER=arm-none-eabi-gcc" "ARCHIVER=arm-none-eabi-ar" "COMPILER_FLAGS=  -O2 -c" "EXTRA_COMPILER_FLAGS=-mcpu=cortex-a9 -mfpu=vfpv3 -mfloat-abi=hard -nostartfiles -g -Wall -Wextra"
"Compiling scuwdt"
"Running Make libs in ps7_cortexa9_0/libsrc/sdps_v3_5/src"
make -C ps7_cortexa9_0/libsrc/sdps_v3_5/src -s libs  "SHELL=CMD" "COMPILER=arm-none-eabi-gcc" "ARCHIVER=arm-none-eabi-ar" "COMPILER_FLAGS=  -O2 -c" "EXTRA_COMPILER_FLAGS=-mcpu=cortex-a9 -mfpu=vfpv3 -mfloat-abi=hard -nostartfiles -g -Wall -Wextra"
"Compiling sdps"
"Running Make libs in ps7_cortexa9_0/libsrc/standalone_v6_7/src"
make -C ps7_cortexa9_0/libsrc/standalone_v6_7/src -s libs  "SHELL=CMD" "COMPILER=arm-none-eabi-gcc" "ARCHIVER=arm-none-eabi-ar" "COMPILER_FLAGS=  -O2 -c" "EXTRA_COMPILER_FLAGS=-mcpu=cortex-a9 -mfpu=vfpv3 -mfloat-abi=hard -nostartfiles -g -Wall -Wextra"
"Compiling standalone"
In file included from sleep.c:57:0:
xtime_l.h:89:9: note: #pragma message: For the sleep routines, Global timer is being used
 #pragma message ("For the sleep routines, Global timer is being used")
         ^~~~~~~
In file included from usleep.c:60:0:
xtime_l.h:89:9: note: #pragma message: For the sleep routines, Global timer is being used
 #pragma message ("For the sleep routines, Global timer is being used")
         ^~~~~~~
In file included from xil_sleeptimer.c:55:0:
xtime_l.h:89:9: note: #pragma message: For the sleep routines, Global timer is being used
 #pragma message ("For the sleep routines, Global timer is being used")
         ^~~~~~~
In file included from xtime_l.c:53:0:
xtime_l.h:89:9: note: #pragma message: For the sleep routines, Global timer is being used
 #pragma message ("For the sleep routines, Global timer is being used")
         ^~~~~~~
"Running Make libs in ps7_cortexa9_0/libsrc/uartps_v3_6/src"
make -C ps7_cortexa9_0/libsrc/uartps_v3_6/src -s libs  "SHELL=CMD" "COMPILER=arm-none-eabi-gcc" "ARCHIVER=arm-none-eabi-ar" "COMPILER_FLAGS=  -O2 -c" "EXTRA_COMPILER_FLAGS=-mcpu=cortex-a9 -mfpu=vfpv3 -mfloat-abi=hard -nostartfiles -g -Wall -Wextra"
"Compiling uartps"
"Running Make libs in ps7_cortexa9_0/libsrc/usbps_v2_4/src"
make -C ps7_cortexa9_0/libsrc/usbps_v2_4/src -s libs  "SHELL=CMD" "COMPILER=arm-none-eabi-gcc" "ARCHIVER=arm-none-eabi-ar" "COMPILER_FLAGS=  -O2 -c" "EXTRA_COMPILER_FLAGS=-mcpu=cortex-a9 -mfpu=vfpv3 -mfloat-abi=hard -nostartfiles -g -Wall -Wextra"
"Compiling usbps"
"Running Make libs in ps7_cortexa9_0/libsrc/wdtps_v3_0/src"
make -C ps7_cortexa9_0/libsrc/wdtps_v3_0/src -s libs  "SHELL=CMD" "COMPILER=arm-none-eabi-gcc" "ARCHIVER=arm-none-eabi-ar" "COMPILER_FLAGS=  -O2 -c" "EXTRA_COMPILER_FLAGS=-mcpu=cortex-a9 -mfpu=vfpv3 -mfloat-abi=hard -nostartfiles -g -Wall -Wextra"
"Compiling wdtps"
"Running Make libs in ps7_cortexa9_0/libsrc/xadcps_v2_2/src"
make -C ps7_cortexa9_0/libsrc/xadcps_v2_2/src -s libs  "SHELL=CMD" "COMPILER=arm-none-eabi-gcc" "ARCHIVER=arm-none-eabi-ar" "COMPILER_FLAGS=  -O2 -c" "EXTRA_COMPILER_FLAGS=-mcpu=cortex-a9 -mfpu=vfpv3 -mfloat-abi=hard -nostartfiles -g -Wall -Wextra"
"Compiling xadcps"
'Finished building libraries'
15:17:29 **** Build of configuration Debug for project GPIO_Interrupt ****
make pre-build main-build 
a9-linaro-pre-build-step
' '
'Building file: ../src/helloworld.c'
'Invoking: ARM v7 gcc compiler'
arm-none-eabi-gcc -Wall -O0 -g3 -c -fmessage-length=0 -MT"src/helloworld.o" -mcpu=cortex-a9 -mfpu=vfpv3 -mfloat-abi=hard -I../../GPIO_Interrupt_bsp/ps7_cortexa9_0/include -MMD -MP -MF"src/helloworld.d" -MT"src/helloworld.o" -o "src/helloworld.o" "../src/helloworld.c"
'Finished building: ../src/helloworld.c'
' '
'Building file: ../src/platform.c'
'Invoking: ARM v7 gcc compiler'
arm-none-eabi-gcc -Wall -O0 -g3 -c -fmessage-length=0 -MT"src/platform.o" -mcpu=cortex-a9 -mfpu=vfpv3 -mfloat-abi=hard -I../../GPIO_Interrupt_bsp/ps7_cortexa9_0/include -MMD -MP -MF"src/platform.d" -MT"src/platform.o" -o "src/platform.o" "../src/platform.c"
'Finished building: ../src/platform.c'
' '
'Building target: GPIO_Interrupt.elf'
'Invoking: ARM v7 gcc linker'
arm-none-eabi-gcc -mcpu=cortex-a9 -mfpu=vfpv3 -mfloat-abi=hard -Wl,-build-id=none -specs=Xilinx.spec -Wl,-T -Wl,../src/lscript.ld -L../../GPIO_Interrupt_bsp/ps7_cortexa9_0/lib -o "GPIO_Interrupt.elf"  ./src/helloworld.o ./src/platform.o   -Wl,--start-group,-lxil,-lgcc,-lc,--end-group
'Finished building target: GPIO_Interrupt.elf'
' '
'Invoking: ARM v7 Print Size'
arm-none-eabi-size GPIO_Interrupt.elf  |tee "GPIO_Interrupt.elf.size"
   text	   data	    bss	    dec	    hex	filename
  77008	   4188	  23392	 104588	  1988c	GPIO_Interrupt.elf
'Finished building: GPIO_Interrupt.elf.size'
' '
15:20:02 **** Auto Build of configuration Debug for project GPIO_Interrupt ****
make pre-build main-build 
a9-linaro-pre-build-step
' '
'Building file: ../src/helloworld.c'
'Invoking: ARM v7 gcc compiler'
arm-none-eabi-gcc -Wall -O0 -g3 -c -fmessage-length=0 -MT"src/helloworld.o" -mcpu=cortex-a9 -mfpu=vfpv3 -mfloat-abi=hard -I../../GPIO_Interrupt_bsp/ps7_cortexa9_0/include -MMD -MP -MF"src/helloworld.d" -MT"src/helloworld.o" -o "src/helloworld.o" "../src/helloworld.c"
'Finished building: ../src/helloworld.c'
' '
'Building target: GPIO_Interrupt.elf'
'Invoking: ARM v7 gcc linker'
arm-none-eabi-gcc -mcpu=cortex-a9 -mfpu=vfpv3 -mfloat-abi=hard -Wl,-build-id=none -specs=Xilinx.spec -Wl,-T -Wl,../src/lscript.ld -L../../GPIO_Interrupt_bsp/ps7_cortexa9_0/lib -o "GPIO_Interrupt.elf"  ./src/helloworld.o ./src/platform.o   -Wl,--start-group,-lxil,-lgcc,-lc,--end-group
'Finished building target: GPIO_Interrupt.elf'
' '
'Invoking: ARM v7 Print Size'
arm-none-eabi-size GPIO_Interrupt.elf  |tee "GPIO_Interrupt.elf.size"
   text	   data	    bss	    dec	    hex	filename
  77008	   4188	  23392	 104588	  1988c	GPIO_Interrupt.elf
'Finished building: GPIO_Interrupt.elf.size'
' '
15:20:55 **** Auto Build of configuration Debug for project GPIO_Interrupt ****
make pre-build main-build 
a9-linaro-pre-build-step
' '
'Building file: ../src/helloworld.c'
'Invoking: ARM v7 gcc compiler'
arm-none-eabi-gcc -Wall -O0 -g3 -c -fmessage-length=0 -MT"src/helloworld.o" -mcpu=cortex-a9 -mfpu=vfpv3 -mfloat-abi=hard -I../../GPIO_Interrupt_bsp/ps7_cortexa9_0/include -MMD -MP -MF"src/helloworld.d" -MT"src/helloworld.o" -o "src/helloworld.o" "../src/helloworld.c"
'Finished building: ../src/helloworld.c'
' '
'Building target: GPIO_Interrupt.elf'
'Invoking: ARM v7 gcc linker'
arm-none-eabi-gcc -mcpu=cortex-a9 -mfpu=vfpv3 -mfloat-abi=hard -Wl,-build-id=none -specs=Xilinx.spec -Wl,-T -Wl,../src/lscript.ld -L../../GPIO_Interrupt_bsp/ps7_cortexa9_0/lib -o "GPIO_Interrupt.elf"  ./src/helloworld.o ./src/platform.o   -Wl,--start-group,-lxil,-lgcc,-lc,--end-group
'Finished building target: GPIO_Interrupt.elf'
' '
'Invoking: ARM v7 Print Size'
arm-none-eabi-size GPIO_Interrupt.elf  |tee "GPIO_Interrupt.elf.size"
   text	   data	    bss	    dec	    hex	filename
  77008	   4188	  23392	 104588	  1988c	GPIO_Interrupt.elf
'Finished building: GPIO_Interrupt.elf.size'
' '
15:21:12 **** Auto Build of configuration Debug for project GPIO_Interrupt ****
make pre-build main-build 
a9-linaro-pre-build-step
' '
'Building file: ../src/helloworld.c'
'Invoking: ARM v7 gcc compiler'
arm-none-eabi-gcc -Wall -O0 -g3 -c -fmessage-length=0 -MT"src/helloworld.o" -mcpu=cortex-a9 -mfpu=vfpv3 -mfloat-abi=hard -I../../GPIO_Interrupt_bsp/ps7_cortexa9_0/include -MMD -MP -MF"src/helloworld.d" -MT"src/helloworld.o" -o "src/helloworld.o" "../src/helloworld.c"
'Finished building: ../src/helloworld.c'
' '
'Building target: GPIO_Interrupt.elf'
'Invoking: ARM v7 gcc linker'
arm-none-eabi-gcc -mcpu=cortex-a9 -mfpu=vfpv3 -mfloat-abi=hard -Wl,-build-id=none -specs=Xilinx.spec -Wl,-T -Wl,../src/lscript.ld -L../../GPIO_Interrupt_bsp/ps7_cortexa9_0/lib -o "GPIO_Interrupt.elf"  ./src/helloworld.o ./src/platform.o   -Wl,--start-group,-lxil,-lgcc,-lc,--end-group
'Finished building target: GPIO_Interrupt.elf'
' '
'Invoking: ARM v7 Print Size'
arm-none-eabi-size GPIO_Interrupt.elf  |tee "GPIO_Interrupt.elf.size"
   text	   data	    bss	    dec	    hex	filename
  77008	   4188	  23392	 104588	  1988c	GPIO_Interrupt.elf
'Finished building: GPIO_Interrupt.elf.size'
' '
15:31:26 **** Auto Build of configuration Debug for project GPIO_Interrupt ****
make pre-build main-build 
a9-linaro-pre-build-step
' '
'Building file: ../src/helloworld.c'
'Invoking: ARM v7 gcc compiler'
arm-none-eabi-gcc -Wall -O0 -g3 -c -fmessage-length=0 -MT"src/helloworld.o" -mcpu=cortex-a9 -mfpu=vfpv3 -mfloat-abi=hard -I../../GPIO_Interrupt_bsp/ps7_cortexa9_0/include -MMD -MP -MF"src/helloworld.d" -MT"src/helloworld.o" -o "src/helloworld.o" "../src/helloworld.c"
'Finished building: ../src/helloworld.c'
' '
'Building target: GPIO_Interrupt.elf'
'Invoking: ARM v7 gcc linker'
arm-none-eabi-gcc -mcpu=cortex-a9 -mfpu=vfpv3 -mfloat-abi=hard -Wl,-build-id=none -specs=Xilinx.spec -Wl,-T -Wl,../src/lscript.ld -L../../GPIO_Interrupt_bsp/ps7_cortexa9_0/lib -o "GPIO_Interrupt.elf"  ./src/helloworld.o ./src/platform.o   -Wl,--start-group,-lxil,-lgcc,-lc,--end-group
'Finished building target: GPIO_Interrupt.elf'
' '
'Invoking: ARM v7 Print Size'
arm-none-eabi-size GPIO_Interrupt.elf  |tee "GPIO_Interrupt.elf.size"
   text	   data	    bss	    dec	    hex	filename
  77008	   4188	  23392	 104588	  1988c	GPIO_Interrupt.elf
'Finished building: GPIO_Interrupt.elf.size'
' '
15:38:06 **** Auto Build of configuration Debug for project GPIO_Interrupt ****
make pre-build main-build 
a9-linaro-pre-build-step
' '
'Building file: ../src/helloworld.c'
'Invoking: ARM v7 gcc compiler'
arm-none-eabi-gcc -Wall -O0 -g3 -c -fmessage-length=0 -MT"src/helloworld.o" -mcpu=cortex-a9 -mfpu=vfpv3 -mfloat-abi=hard -I../../GPIO_Interrupt_bsp/ps7_cortexa9_0/include -MMD -MP -MF"src/helloworld.d" -MT"src/helloworld.o" -o "src/helloworld.o" "../src/helloworld.c"
'Finished building: ../src/helloworld.c'
' '
'Building target: GPIO_Interrupt.elf'
'Invoking: ARM v7 gcc linker'
arm-none-eabi-gcc -mcpu=cortex-a9 -mfpu=vfpv3 -mfloat-abi=hard -Wl,-build-id=none -specs=Xilinx.spec -Wl,-T -Wl,../src/lscript.ld -L../../GPIO_Interrupt_bsp/ps7_cortexa9_0/lib -o "GPIO_Interrupt.elf"  ./src/helloworld.o ./src/platform.o   -Wl,--start-group,-lxil,-lgcc,-lc,--end-group
'Finished building target: GPIO_Interrupt.elf'
' '
'Invoking: ARM v7 Print Size'
arm-none-eabi-size GPIO_Interrupt.elf  |tee "GPIO_Interrupt.elf.size"
   text	   data	    bss	    dec	    hex	filename
  77008	   4188	  23392	 104588	  1988c	GPIO_Interrupt.elf
'Finished building: GPIO_Interrupt.elf.size'
' '
16:11:07 **** Auto Build of configuration Debug for project GPIO_Interrupt ****
make pre-build main-build 
a9-linaro-pre-build-step
' '
'Building file: ../src/helloworld.c'
'Invoking: ARM v7 gcc compiler'
arm-none-eabi-gcc -Wall -O0 -g3 -c -fmessage-length=0 -MT"src/helloworld.o" -mcpu=cortex-a9 -mfpu=vfpv3 -mfloat-abi=hard -I../../GPIO_Interrupt_bsp/ps7_cortexa9_0/include -MMD -MP -MF"src/helloworld.d" -MT"src/helloworld.o" -o "src/helloworld.o" "../src/helloworld.c"
'Finished building: ../src/helloworld.c'
' '
'Building target: GPIO_Interrupt.elf'
'Invoking: ARM v7 gcc linker'
arm-none-eabi-gcc -mcpu=cortex-a9 -mfpu=vfpv3 -mfloat-abi=hard -Wl,-build-id=none -specs=Xilinx.spec -Wl,-T -Wl,../src/lscript.ld -L../../GPIO_Interrupt_bsp/ps7_cortexa9_0/lib -o "GPIO_Interrupt.elf"  ./src/helloworld.o ./src/platform.o   -Wl,--start-group,-lxil,-lgcc,-lc,--end-group
'Finished building target: GPIO_Interrupt.elf'
' '
'Invoking: ARM v7 Print Size'
arm-none-eabi-size GPIO_Interrupt.elf  |tee "GPIO_Interrupt.elf.size"
   text	   data	    bss	    dec	    hex	filename
  77008	   4188	  23392	 104588	  1988c	GPIO_Interrupt.elf
'Finished building: GPIO_Interrupt.elf.size'
' '
