17:18:46 **** Build of configuration Debug for project helloworld_bsp_xuartps_hello_world_example_2 ****
make pre-build main-build 
a9-linaro-pre-build-step
' '
'Building file: ../src/xuartps_hello_world_example.c'
'Invoking: ARM v7 gcc compiler'
arm-none-eabi-gcc -Wall -O0 -g3 -c -fmessage-length=0 -MT"src/xuartps_hello_world_example.o" -mcpu=cortex-a9 -mfpu=vfpv3 -mfloat-abi=hard -I../../helloworld_bsp/ps7_cortexa9_0/include -MMD -MP -MF"src/xuartps_hello_world_example.d" -MT"src/xuartps_hello_world_example.o" -o "src/xuartps_hello_world_example.o" "../src/xuartps_hello_world_example.c"
'Finished building: ../src/xuartps_hello_world_example.c'
' '
'Building target: helloworld_bsp_xuartps_hello_world_example_2.elf'
'Invoking: ARM v7 gcc linker'
arm-none-eabi-gcc -mcpu=cortex-a9 -mfpu=vfpv3 -mfloat-abi=hard -Wl,-build-id=none -specs=Xilinx.spec -Wl,-T -Wl,../src/lscript.ld -L../../helloworld_bsp/ps7_cortexa9_0/lib -o "helloworld_bsp_xuartps_hello_world_example_2.elf"  ./src/xuartps_hello_world_example.o   -Wl,--start-group,-lxil,-lgcc,-lc,--end-group
'Finished building target: helloworld_bsp_xuartps_hello_world_example_2.elf'
' '
'Invoking: ARM v7 Print Size'
arm-none-eabi-size helloworld_bsp_xuartps_hello_world_example_2.elf  |tee "helloworld_bsp_xuartps_hello_world_example_2.elf.size"
   text	   data	    bss	    dec	    hex	filename
  23940	   1168	  22648	  47756	   ba8c	helloworld_bsp_xuartps_hello_world_example_2.elf
'Finished building: helloworld_bsp_xuartps_hello_world_example_2.elf.size'
' '

17:18:47 Build Finished (took 744ms)

